[    0.000000] microcode: microcode updated early to revision 0x44, date = 2020-05-27
[    0.000000] Linux version 5.4.62tratr (yuvraj@node-0.yuvraj-100673.ssdkeyvalue-pg0.wisc.cloudlab.us) (gcc version 9.3.0 (Ubuntu 9.3.0-17ubuntu1~20.04)) #531 SMP Sat Jun 26 19:55:04 CDT 2021
[    0.000000] Command line: BOOT_IMAGE=/boot/vmlinuz-5.4.62tratr root=UUID=8b9e1980-828f-418f-ae44-80689ca8bd2f ro console=ttyS0,115200
[    0.000000] KERNEL supported cpus:
[    0.000000]   Intel GenuineIntel
[    0.000000]   AMD AuthenticAMD
[    0.000000]   Hygon HygonGenuine
[    0.000000]   Centaur CentaurHauls
[    0.000000]   zhaoxin   Shanghai  
[    0.000000] x86/fpu: Supporting XSAVE feature 0x001: 'x87 floating point registers'
[    0.000000] x86/fpu: Supporting XSAVE feature 0x002: 'SSE registers'
[    0.000000] x86/fpu: Supporting XSAVE feature 0x004: 'AVX registers'
[    0.000000] x86/fpu: xstate_offset[2]:  576, xstate_sizes[2]:  256
[    0.000000] x86/fpu: Enabled xstate features 0x7, context size is 832 bytes, using 'standard' format.
[    0.000000] BIOS-provided physical RAM map:
[    0.000000] BIOS-e820: [mem 0x0000000000000000-0x0000000000099fff] usable
[    0.000000] BIOS-e820: [mem 0x000000000009a000-0x000000000009ffff] reserved
[    0.000000] BIOS-e820: [mem 0x00000000000e0000-0x00000000000fffff] reserved
[    0.000000] BIOS-e820: [mem 0x0000000000100000-0x000000006f19efff] usable
[    0.000000] BIOS-e820: [mem 0x000000006f19f000-0x000000006f97bfff] reserved
[    0.000000] BIOS-e820: [mem 0x000000006f97c000-0x000000006f9e0fff] ACPI data
[    0.000000] BIOS-e820: [mem 0x000000006f9e1000-0x000000006ff3bfff] ACPI NVS
[    0.000000] BIOS-e820: [mem 0x000000006ff3c000-0x000000008fffffff] reserved
[    0.000000] BIOS-e820: [mem 0x00000000fed1c000-0x00000000fed44fff] reserved
[    0.000000] BIOS-e820: [mem 0x00000000ff000000-0x00000000ffffffff] reserved
[    0.000000] BIOS-e820: [mem 0x0000000100000000-0x000000207fffffff] usable
[    0.000000] NX (Execute Disable) protection: active
[    0.000000] SMBIOS 3.0.0 present.
[    0.000000] DMI: Cisco Systems Inc UCSC-C220-M4S/UCSC-C220-M4S, BIOS C220M4.3.0.3c.0.0831170216 08/31/2017
[    0.000000] tsc: Fast TSC calibration using PIT
[    0.000000] tsc: Detected 2394.170 MHz processor
[    0.002181] e820: update [mem 0x00000000-0x00000fff] usable ==> reserved
[    0.002182] e820: remove [mem 0x000a0000-0x000fffff] usable
[    0.002187] last_pfn = 0x2080000 max_arch_pfn = 0x400000000
[    0.002191] MTRR default type: write-back
[    0.002192] MTRR fixed ranges enabled:
[    0.002193]   00000-9FFFF write-back
[    0.002194]   A0000-BFFFF uncachable
[    0.002195]   C0000-FFFFF write-protect
[    0.002196] MTRR variable ranges enabled:
[    0.002197]   0 base 000080000000 mask 3FFF80000000 uncachable
[    0.002198]   1 base 038000000000 mask 3F8000000000 uncachable
[    0.002199]   2 disabled
[    0.002199]   3 disabled
[    0.002200]   4 disabled
[    0.002200]   5 disabled
[    0.002201]   6 disabled
[    0.002201]   7 disabled
[    0.002202]   8 disabled
[    0.002202]   9 disabled
[    0.002758] x86/PAT: Configuration [0-7]: WB  WC  UC- UC  WB  WP  UC- WT  
[    0.003460] last_pfn = 0x6f19f max_arch_pfn = 0x400000000
[    0.011583] found SMP MP-table at [mem 0x000fcfc0-0x000fcfcf]
[    0.011650] check: Scanning 1 areas for low memory corruption
[    0.011655] Using GB pages for direct mapping
[    0.011837] RAMDISK: [mem 0x19782000-0x37feefff]
[    0.011846] ACPI: Early table checksum verification disabled
[    0.011850] ACPI: RSDP 0x00000000000F05B0 000024 (v02 Cisco0)
[    0.011853] ACPI: XSDT 0x000000006F9900A8 0000D4 (v01 Cisco0 CiscoUCS 01072009 AMI  00010013)
[    0.011859] ACPI: FACP 0x000000006F9C4CE0 00010C (v05 Cisco0 CiscoUCS 01072009 AMI  00010013)
[    0.011865] ACPI: DSDT 0x000000006F990210 034ACB (v02 Cisco0 CiscoUCS 01072009 INTL 20091013)
[    0.011868] ACPI: FACS 0x000000006FF3AF80 000040
[    0.011871] ACPI: APIC 0x000000006F9C4DF0 000224 (v03 Cisco0 CiscoUCS 01072009 AMI  00010013)
[    0.011874] ACPI: FPDT 0x000000006F9C5018 000044 (v01 Cisco0 CiscoUCS 01072009 AMI  00010013)
[    0.011877] ACPI: FIDT 0x000000006F9C5060 00009C (v01 Cisco0 CiscoUCS 01072009 AMI  00010013)
[    0.011880] ACPI: SPMI 0x000000006F9C5100 000041 (v05 Cisco0 CiscoUCS 00000000 AMI. 00000000)
[    0.011883] ACPI: MCFG 0x000000006F9C5148 00003C (v01 Cisco0 CiscoUCS 01072009 MSFT 00000097)
[    0.011886] ACPI: UEFI 0x000000006F9C5188 000042 (v01 Cisco0 CiscoUCS 01072009      00000000)
[    0.011889] ACPI: HPET 0x000000006F9C51D0 000038 (v01 Cisco0 CiscoUCS 00000001 INTL 20091013)
[    0.011892] ACPI: MSCT 0x000000006F9C5208 000090 (v01 Cisco0 CiscoUCS 00000001 INTL 20091013)
[    0.011895] ACPI: SLIT 0x000000006F9C5298 000030 (v01 Cisco0 CiscoUCS 00000001 INTL 20091013)
[    0.011898] ACPI: SRAT 0x000000006F9C52C8 001158 (v03 Cisco0 CiscoUCS 00000001 INTL 20091013)
[    0.011901] ACPI: WDDT 0x000000006F9C6420 000040 (v01 Cisco0 CiscoUCS 00000000 INTL 20091013)
[    0.011904] ACPI: SSDT 0x000000006F9C6460 017105 (v02 Cisco0 PmMgt    00000002 INTL 20120913)
[    0.011907] ACPI: NITR 0x000000006F9DD568 000071 (v02 Cisco0 CiscoUCS 00000001 INTL 20091013)
[    0.011910] ACPI: SSDT 0x000000006F9DD5E0 002654 (v02 Cisco0 SpsNm    00000002 INTL 20120913)
[    0.011913] ACPI: SSDT 0x000000006F9DFC38 000064 (v02 Cisco0 SpsNvs   00000002 INTL 20120913)
[    0.011916] ACPI: PRAD 0x000000006F9DFCA0 000102 (v02 Cisco0 CiscoUCS 00000002 INTL 20120913)
[    0.011919] ACPI: DMAR 0x000000006F9DFDA8 000122 (v01 Cisco0 CiscoUCS 00000001 INTL 20091013)
[    0.011922] ACPI: HEST 0x000000006F9DFED0 0000A8 (v01 Cisco0 CiscoUCS 00000001 INTL 00000001)
[    0.011924] ACPI: BERT 0x000000006F9DFF78 000030 (v01 Cisco0 CiscoUCS 00000001 INTL 00000001)
[    0.011927] ACPI: ERST 0x000000006F9DFFA8 000230 (v01 Cisco0 CiscoUCS 00000001 INTL 00000001)
[    0.011930] ACPI: EINJ 0x000000006F9E01D8 000130 (v01 Cisco0 CiscoUCS 00000001 INTL 00000001)
[    0.011939] ACPI: Local APIC address 0xfee00000
[    0.011973] SRAT: PXM 0 -> APIC 0x00 -> Node 0
[    0.011974] SRAT: PXM 0 -> APIC 0x02 -> Node 0
[    0.011975] SRAT: PXM 0 -> APIC 0x04 -> Node 0
[    0.011976] SRAT: PXM 0 -> APIC 0x06 -> Node 0
[    0.011977] SRAT: PXM 0 -> APIC 0x08 -> Node 0
[    0.011978] SRAT: PXM 0 -> APIC 0x0a -> Node 0
[    0.011978] SRAT: PXM 0 -> APIC 0x0c -> Node 0
[    0.011979] SRAT: PXM 0 -> APIC 0x0e -> Node 0
[    0.011980] SRAT: PXM 1 -> APIC 0x10 -> Node 1
[    0.011981] SRAT: PXM 1 -> APIC 0x12 -> Node 1
[    0.011982] SRAT: PXM 1 -> APIC 0x14 -> Node 1
[    0.011982] SRAT: PXM 1 -> APIC 0x16 -> Node 1
[    0.011983] SRAT: PXM 1 -> APIC 0x18 -> Node 1
[    0.011984] SRAT: PXM 1 -> APIC 0x1a -> Node 1
[    0.011985] SRAT: PXM 1 -> APIC 0x1c -> Node 1
[    0.011985] SRAT: PXM 1 -> APIC 0x1e -> Node 1
[    0.011986] SRAT: PXM 0 -> APIC 0x01 -> Node 0
[    0.011987] SRAT: PXM 0 -> APIC 0x03 -> Node 0
[    0.011988] SRAT: PXM 0 -> APIC 0x05 -> Node 0
[    0.011989] SRAT: PXM 0 -> APIC 0x07 -> Node 0
[    0.011989] SRAT: PXM 0 -> APIC 0x09 -> Node 0
[    0.011990] SRAT: PXM 0 -> APIC 0x0b -> Node 0
[    0.011991] SRAT: PXM 0 -> APIC 0x0d -> Node 0
[    0.011992] SRAT: PXM 0 -> APIC 0x0f -> Node 0
[    0.011992] SRAT: PXM 1 -> APIC 0x11 -> Node 1
[    0.011993] SRAT: PXM 1 -> APIC 0x13 -> Node 1
[    0.011994] SRAT: PXM 1 -> APIC 0x15 -> Node 1
[    0.011995] SRAT: PXM 1 -> APIC 0x17 -> Node 1
[    0.011996] SRAT: PXM 1 -> APIC 0x19 -> Node 1
[    0.011996] SRAT: PXM 1 -> APIC 0x1b -> Node 1
[    0.011997] SRAT: PXM 1 -> APIC 0x1d -> Node 1
[    0.011998] SRAT: PXM 1 -> APIC 0x1f -> Node 1
[    0.012006] ACPI: SRAT: Node 0 PXM 0 [mem 0x00000000-0x7fffffff]
[    0.012008] ACPI: SRAT: Node 0 PXM 0 [mem 0x100000000-0x107fffffff]
[    0.012009] ACPI: SRAT: Node 1 PXM 1 [mem 0x1080000000-0x207fffffff]
[    0.012015] NUMA: Initialized distance table, cnt=2
[    0.012018] NUMA: Node 0 [mem 0x00000000-0x7fffffff] + [mem 0x100000000-0x107fffffff] -> [mem 0x00000000-0x107fffffff]
[    0.012028] NODE_DATA(0) allocated [mem 0x107ffd5000-0x107fffffff]
[    0.012056] NODE_DATA(1) allocated [mem 0x207ffd4000-0x207fffefff]
[    0.012332] Zone ranges:
[    0.012333]   DMA      [mem 0x0000000000001000-0x0000000000ffffff]
[    0.012335]   DMA32    [mem 0x0000000001000000-0x00000000ffffffff]
[    0.012336]   Normal   [mem 0x0000000100000000-0x000000207fffffff]
[    0.012337]   Device   empty
[    0.012338] Movable zone start for each node
[    0.012342] Early memory node ranges
[    0.012343]   node   0: [mem 0x0000000000001000-0x0000000000099fff]
[    0.012345]   node   0: [mem 0x0000000000100000-0x000000006f19efff]
[    0.012346]   node   0: [mem 0x0000000100000000-0x000000107fffffff]
[    0.012351]   node   1: [mem 0x0000001080000000-0x000000207fffffff]
[    0.012424] Zeroed struct page in unavailable ranges: 3784 pages
[    0.012425] Initmem setup node 0 [mem 0x0000000000001000-0x000000107fffffff]
[    0.012427] On node 0 totalpages: 16707896
[    0.012428]   DMA zone: 64 pages used for memmap
[    0.012428]   DMA zone: 43 pages reserved
[    0.012429]   DMA zone: 3993 pages, LIFO batch:0
[    0.012520]   DMA32 zone: 7047 pages used for memmap
[    0.012520]   DMA32 zone: 450975 pages, LIFO batch:63
[    0.020864]   Normal zone: 253952 pages used for memmap
[    0.020865]   Normal zone: 16252928 pages, LIFO batch:63
[    0.239076] Initmem setup node 1 [mem 0x0000001080000000-0x000000207fffffff]
[    0.239079] On node 1 totalpages: 16777216
[    0.239080]   Normal zone: 262144 pages used for memmap
[    0.239081]   Normal zone: 16777216 pages, LIFO batch:63
[    0.490610] ACPI: PM-Timer IO Port: 0x408
[    0.490613] ACPI: Local APIC address 0xfee00000
[    0.490625] ACPI: LAPIC_NMI (acpi_id[0x00] high edge lint[0x1])
[    0.490626] ACPI: LAPIC_NMI (acpi_id[0x02] high edge lint[0x1])
[    0.490626] ACPI: LAPIC_NMI (acpi_id[0x04] high edge lint[0x1])
[    0.490627] ACPI: LAPIC_NMI (acpi_id[0x06] high edge lint[0x1])
[    0.490628] ACPI: LAPIC_NMI (acpi_id[0x08] high edge lint[0x1])
[    0.490629] ACPI: LAPIC_NMI (acpi_id[0x0a] high edge lint[0x1])
[    0.490630] ACPI: LAPIC_NMI (acpi_id[0x0c] high edge lint[0x1])
[    0.490631] ACPI: LAPIC_NMI (acpi_id[0x0e] high edge lint[0x1])
[    0.490632] ACPI: LAPIC_NMI (acpi_id[0x10] high edge lint[0x1])
[    0.490632] ACPI: LAPIC_NMI (acpi_id[0x12] high edge lint[0x1])
[    0.490633] ACPI: LAPIC_NMI (acpi_id[0x14] high edge lint[0x1])
[    0.490634] ACPI: LAPIC_NMI (acpi_id[0x16] high edge lint[0x1])
[    0.490635] ACPI: LAPIC_NMI (acpi_id[0x18] high edge lint[0x1])
[    0.490636] ACPI: LAPIC_NMI (acpi_id[0x1a] high edge lint[0x1])
[    0.490636] ACPI: LAPIC_NMI (acpi_id[0x1c] high edge lint[0x1])
[    0.490637] ACPI: LAPIC_NMI (acpi_id[0x1e] high edge lint[0x1])
[    0.490638] ACPI: LAPIC_NMI (acpi_id[0x01] high edge lint[0x1])
[    0.490639] ACPI: LAPIC_NMI (acpi_id[0x03] high edge lint[0x1])
[    0.490640] ACPI: LAPIC_NMI (acpi_id[0x05] high edge lint[0x1])
[    0.490641] ACPI: LAPIC_NMI (acpi_id[0x07] high edge lint[0x1])
[    0.490641] ACPI: LAPIC_NMI (acpi_id[0x09] high edge lint[0x1])
[    0.490642] ACPI: LAPIC_NMI (acpi_id[0x0b] high edge lint[0x1])
[    0.490643] ACPI: LAPIC_NMI (acpi_id[0x0d] high edge lint[0x1])
[    0.490644] ACPI: LAPIC_NMI (acpi_id[0x0f] high edge lint[0x1])
[    0.490645] ACPI: LAPIC_NMI (acpi_id[0x11] high edge lint[0x1])
[    0.490645] ACPI: LAPIC_NMI (acpi_id[0x13] high edge lint[0x1])
[    0.490646] ACPI: LAPIC_NMI (acpi_id[0x15] high edge lint[0x1])
[    0.490647] ACPI: LAPIC_NMI (acpi_id[0x17] high edge lint[0x1])
[    0.490648] ACPI: LAPIC_NMI (acpi_id[0x19] high edge lint[0x1])
[    0.490649] ACPI: LAPIC_NMI (acpi_id[0x1b] high edge lint[0x1])
[    0.490649] ACPI: LAPIC_NMI (acpi_id[0x1d] high edge lint[0x1])
[    0.490650] ACPI: LAPIC_NMI (acpi_id[0x1f] high edge lint[0x1])
[    0.490661] IOAPIC[0]: apic_id 1, version 32, address 0xfec00000, GSI 0-23
[    0.490665] IOAPIC[1]: apic_id 2, version 32, address 0xfec01000, GSI 24-47
[    0.490670] IOAPIC[2]: apic_id 3, version 32, address 0xfec40000, GSI 48-71
[    0.490672] ACPI: INT_SRC_OVR (bus 0 bus_irq 0 global_irq 2 dfl dfl)
[    0.490674] ACPI: INT_SRC_OVR (bus 0 bus_irq 9 global_irq 9 high level)
[    0.490676] ACPI: IRQ0 used by override.
[    0.490677] ACPI: IRQ9 used by override.
[    0.490679] Using ACPI (MADT) for SMP configuration information
[    0.490681] ACPI: HPET id: 0x8086a701 base: 0xfed00000
[    0.490685] TSC deadline timer available
[    0.490687] smpboot: Allowing 32 CPUs, 0 hotplug CPUs
[    0.490701] PM: Registered nosave memory: [mem 0x00000000-0x00000fff]
[    0.490703] PM: Registered nosave memory: [mem 0x0009a000-0x0009ffff]
[    0.490704] PM: Registered nosave memory: [mem 0x000a0000-0x000dffff]
[    0.490705] PM: Registered nosave memory: [mem 0x000e0000-0x000fffff]
[    0.490706] PM: Registered nosave memory: [mem 0x6f19f000-0x6f97bfff]
[    0.490707] PM: Registered nosave memory: [mem 0x6f97c000-0x6f9e0fff]
[    0.490708] PM: Registered nosave memory: [mem 0x6f9e1000-0x6ff3bfff]
[    0.490709] PM: Registered nosave memory: [mem 0x6ff3c000-0x8fffffff]
[    0.490710] PM: Registered nosave memory: [mem 0x90000000-0xfed1bfff]
[    0.490711] PM: Registered nosave memory: [mem 0xfed1c000-0xfed44fff]
[    0.490711] PM: Registered nosave memory: [mem 0xfed45000-0xfeffffff]
[    0.490712] PM: Registered nosave memory: [mem 0xff000000-0xffffffff]
[    0.490714] [mem 0x90000000-0xfed1bfff] available for PCI devices
[    0.490715] Booting paravirtualized kernel on bare hardware
[    0.490719] clocksource: refined-jiffies: mask: 0xffffffff max_cycles: 0xffffffff, max_idle_ns: 7645519600211568 ns
[    0.490725] setup_percpu: NR_CPUS:8192 nr_cpumask_bits:32 nr_cpu_ids:32 nr_node_ids:2
[    0.492420] percpu: Embedded 54 pages/cpu s184320 r8192 d28672 u262144
[    0.492429] pcpu-alloc: s184320 r8192 d28672 u262144 alloc=1*2097152
[    0.492431] pcpu-alloc: [0] 00 01 02 03 04 05 06 07 [0] 16 17 18 19 20 21 22 23 
[    0.492435] pcpu-alloc: [1] 08 09 10 11 12 13 14 15 [1] 24 25 26 27 28 29 30 31 
[    0.492470] Built 2 zonelists, mobility grouping on.  Total pages: 32961862
[    0.492471] Policy zone: Normal
[    0.492473] Kernel command line: BOOT_IMAGE=/boot/vmlinuz-5.4.62tratr root=UUID=8b9e1980-828f-418f-ae44-80689ca8bd2f ro console=ttyS0,115200
[    0.492825] mem auto-init: stack:off, heap alloc:on, heap free:off
[    0.503125] Calgary: detecting Calgary via BIOS EBDA area
[    0.503127] Calgary: Unable to locate Rio Grande table in EBDA - bailing!
[    0.880561] Memory: 131240948K/133940448K available (14339K kernel code, 2423K rwdata, 4960K rodata, 2716K init, 4964K bss, 2699500K reserved, 0K cma-reserved)
[    0.880569] random: get_random_u64 called from __kmem_cache_create+0x4e/0x580 with crng_init=0
[    0.880917] SLUB: HWalign=64, Order=0-3, MinObjects=0, CPUs=32, Nodes=2
[    0.880937] Kernel/User page tables isolation: enabled
[    0.880960] ftrace: allocating 44241 entries in 173 pages
[    0.898638] rcu: Hierarchical RCU implementation.
[    0.898640] rcu: 	RCU restricting CPUs from NR_CPUS=8192 to nr_cpu_ids=32.
[    0.898642] 	Tasks RCU enabled.
[    0.898643] rcu: RCU calculated value of scheduler-enlistment delay is 25 jiffies.
[    0.898643] rcu: Adjusting geometry for rcu_fanout_leaf=16, nr_cpu_ids=32
[    0.901875] NR_IRQS: 524544, nr_irqs: 1496, preallocated irqs: 16
[    0.902143] random: crng done (trusting CPU's manufacturer)
[    0.908377] Console: colour VGA+ 80x25
[    2.239666] printk: console [ttyS0] enabled
[    2.244370] mempolicy: Enabling automatic NUMA balancing. Configure with numa_balancing= or the kernel.numa_balancing sysctl
[    2.256881] ACPI: Core revision 20190816
[    2.261609] clocksource: hpet: mask: 0xffffffff max_cycles: 0xffffffff, max_idle_ns: 133484882848 ns
[    2.271811] APIC: Switch to symmetric I/O mode setup
[    2.277361] DMAR: Host address width 46
[    2.281646] DMAR: DRHD base: 0x000000fbffc000 flags: 0x0
[    2.287582] DMAR: dmar0: reg_base_addr fbffc000 ver 1:0 cap d2078c106f0466 ecap f020de
[    2.296424] DMAR: DRHD base: 0x000000c7ffc000 flags: 0x1
[    2.302359] DMAR: dmar1: reg_base_addr c7ffc000 ver 1:0 cap d2078c106f0466 ecap f020de
[    2.311202] DMAR: RMRR base: 0x0000007bb4c000 end: 0x0000007bb5cfff
[    2.318202] DMAR: RMRR base: 0x00000072565000 end: 0x0000007a56cfff
[    2.325201] DMAR: ATSR flags: 0x0
[    2.328902] DMAR: RHSA base: 0x000000c7ffc000 proximity domain: 0x0
[    2.335901] DMAR: RHSA base: 0x000000fbffc000 proximity domain: 0x1
[    2.342902] DMAR-IR: IOAPIC id 3 under DRHD base  0xfbffc000 IOMMU 0
[    2.349996] DMAR-IR: IOAPIC id 1 under DRHD base  0xc7ffc000 IOMMU 1
[    2.357091] DMAR-IR: IOAPIC id 2 under DRHD base  0xc7ffc000 IOMMU 1
[    2.364185] DMAR-IR: HPET id 0 under DRHD base 0xc7ffc000
[    2.370215] DMAR-IR: x2apic is disabled because BIOS sets x2apic opt out bit.
[    2.370215] DMAR-IR: Use 'intremap=no_x2apic_optout' to override the BIOS setting.
[    2.387211] DMAR-IR: Enabled IRQ remapping in xapic mode
[    2.393137] x2apic: IRQ remapping doesn't support X2APIC mode
[    2.399557] Switched APIC routing to physical flat.
[    2.405632] ..TIMER: vector=0x30 apic1=0 pin1=2 apic2=-1 pin2=-1
[    2.431820] clocksource: tsc-early: mask: 0xffffffffffffffff max_cycles: 0x2282b40f824, max_idle_ns: 440795226322 ns
[    2.443565] Calibrating delay loop (skipped), value calculated using timer frequency.. 4788.34 BogoMIPS (lpj=9576680)
[    2.447565] pid_max: default: 32768 minimum: 301
[    2.451655] LSM: Security Framework initializing
[    2.455577] Yama: becoming mindful.
[    2.459720] AppArmor: AppArmor initialized
[    2.477532] Dentry cache hash table entries: 8388608 (order: 14, 67108864 bytes, vmalloc)
[    2.488408] Dentry cache entries hash table entries: 8388608 (order: 13, 33554432 bytes, vmalloc)
[    2.500040] Inode-cache hash table entries: 4194304 (order: 13, 33554432 bytes, vmalloc)
[    2.507922] Inode-hash-entries hash table entries: 4194304 (order: 12, 16777216 bytes, vmalloc)
[    2.511784] Mount-cache hash table entries: 131072 (order: 8, 1048576 bytes, vmalloc)
[    2.515742] Mountpoint-cache hash table entries: 131072 (order: 8, 1048576 bytes, vmalloc)
[    2.519592] *** VALIDATE tmpfs ***
[    2.523572] Super block pointer is ffff923bbf813000
[    2.527602] Super block pointer is ffff923bbf813800
[    2.531594] Super block pointer is ffff923bbf814000
[    2.535711] *** VALIDATE proc ***
[    2.539567] Super block pointer is ffff923bbf816000
[    2.543666] *** VALIDATE cgroup1 ***
[    2.547567] *** VALIDATE cgroup2 ***
[    2.551642] mce: CPU0: Thermal monitoring enabled (TM1)
[    2.555589] process: using mwait in idle threads
[    2.559567] Last level iTLB entries: 4KB 1024, 2MB 1024, 4MB 1024
[    2.563565] Last level dTLB entries: 4KB 1024, 2MB 1024, 4MB 1024, 1GB 4
[    2.567568] Spectre V1 : Mitigation: usercopy/swapgs barriers and __user pointer sanitization
[    2.571565] Spectre V2 : Mitigation: Full generic retpoline
[    2.575565] Spectre V2 : Spectre v2 / SpectreRSB mitigation: Filling RSB on context switch
[    2.579565] Spectre V2 : Enabling Restricted Speculation for firmware calls
[    2.583566] Spectre V2 : mitigation: Enabling conditional Indirect Branch Prediction Barrier
[    2.587565] Spectre V2 : User space: Mitigation: STIBP via seccomp and prctl
[    2.591565] Speculative Store Bypass: Mitigation: Speculative Store Bypass disabled via prctl and seccomp
[    2.595567] MDS: Mitigation: Clear CPU buffers
[    2.599764] Freeing SMP alternatives memory: 40K
[    2.608246] Super block pointer is ffff923bbf816800
[    2.611659] smpboot: CPU0: Intel(R) Xeon(R) CPU E5-2630 v3 @ 2.40GHz (family: 0x6, model: 0x3f, stepping: 0x2)
[    2.615748] Performance Events: PEBS fmt2+, Haswell events, 16-deep LBR, full-width counters, Intel PMU driver.
[    2.619567] ... version:                3
[    2.623565] ... bit width:              48
[    2.627565] ... generic registers:      4
[    2.631565] ... value mask:             0000ffffffffffff
[    2.635565] ... max period:             00007fffffffffff
[    2.639565] ... fixed-purpose events:   3
[    2.643565] ... event mask:             000000070000000f
[    2.647620] rcu: Hierarchical SRCU implementation.
[    2.654693] NMI watchdog: Enabled. Permanently consumes one hw-PMU counter.
[    2.655985] smp: Bringing up secondary CPUs ...
[    2.659692] x86: Booting SMP configuration:
[    2.663569] .... node  #0, CPUs:        #1  #2  #3  #4  #5  #6  #7
[    2.691566] .... node  #1, CPUs:    #8
[    1.445461] smpboot: CPU 8 Converting physical 0 to logical die 1
[    2.787689]   #9 #10 #11 #12 #13 #14 #15
[    2.815566] .... node  #0, CPUs:   #16
[    2.816783] MDS CPU bug present and SMT on, data leak possible. See https://www.kernel.org/doc/html/latest/admin-guide/hw-vuln/mds.html for more details.
[    2.823728]  #17 #18 #19 #20 #21 #22 #23
[    2.831567] .... node  #1, CPUs:   #24 #25 #26 #27 #28 #29 #30 #31
[    2.840487] smp: Brought up 2 nodes, 32 CPUs
[    2.847566] smpboot: Max logical packages: 2
[    2.851566] smpboot: Total of 32 processors activated (153255.51 BogoMIPS)
[    2.864821] Super block pointer is ffff924bba2e6000
[    2.867631] devtmpfs: initialized
[    2.871364] x86/mm: Memory block size: 2048MB
[    2.876380] PM: Registering ACPI NVS region [mem 0x6f9e1000-0x6ff3bfff] (5615616 bytes)
[    2.883765] clocksource: jiffies: mask: 0xffffffff max_cycles: 0xffffffff, max_idle_ns: 7645041785100000 ns
[    2.895689] futex hash table entries: 8192 (order: 7, 524288 bytes, vmalloc)
[    2.903574] bucket_under_attack hash table entries: 8192 (order: 3, 32768 bytes, vmalloc)
[    2.911787] Super block pointer is ffff923bba41c800
[    2.919617] pinctrl core: initialized pinctrl subsystem
[    2.923567] Super block pointer is ffff923bba418800
[    2.927672] PM: RTC time: 16:27:00, date: 2021-06-28
[    2.935599] Super block pointer is ffff923bba419800
[    2.939709] NET: Registered protocol family 16
[    2.943666] audit: initializing netlink subsys (disabled)
[    2.951583] audit: type=2000 audit(1624897618.608:1): state=initialized audit_enabled=0 res=1
[    2.951705] EISA bus registered
[    2.963577] cpuidle: using governor ladder
[    2.967596] cpuidle: using governor menu
[    2.975609] ACPI FADT declares the system doesn't support PCIe ASPM, so disable it
[    2.983566] ACPI: bus type PCI registered
[    2.987567] acpiphp: ACPI Hot Plug PCI Controller Driver version: 0.5
[    2.995669] PCI: MMCONFIG for domain 0000 [bus 00-ff] at [mem 0x80000000-0x8fffffff] (base 0x80000000)
[    3.003568] PCI: MMCONFIG at [mem 0x80000000-0x8fffffff] reserved in E820
[    3.011583] PCI: Using configuration type 1 for base access
[    3.019588] core: PMU erratum BJ122, BV98, HSD29 worked around, HT is on
[    3.028479] ENERGY_PERF_BIAS: Set to 'normal', was 'performance'
[    3.033095] HugeTLB registered 1.00 GiB page size, pre-allocated 0 pages
[    3.039570] HugeTLB registered 2.00 MiB page size, pre-allocated 0 pages
[    3.047742] ACPI: Added _OSI(Module Device)
[    3.051567] ACPI: Added _OSI(Processor Device)
[    3.059565] ACPI: Added _OSI(3.0 _SCP Extensions)
[    3.063565] ACPI: Added _OSI(Processor Aggregator Device)
[    3.071566] ACPI: Added _OSI(Linux-Dell-Video)
[    3.075565] ACPI: Added _OSI(Linux-Lenovo-NV-HDMI-Audio)
[    3.079565] ACPI: Added _OSI(Linux-HPI-Hybrid-Graphics)
[    3.159111] ACPI: 4 ACPI AML tables successfully acquired and loaded
[    3.169039] ACPI: [Firmware Bug]: BIOS _OSI(Linux) query ignored
[    3.184815] ACPI: Dynamic OEM Table Load:
[    3.234133] ACPI: Interpreter enabled
[    3.239581] ACPI: (supports S0 S5)
[    3.243374] ACPI: Using IOAPIC for interrupt routing
[    3.247661] HEST: Table parsing has been initialized.
[    3.251568] PCI: Using host bridge windows from ACPI; if necessary, use "pci=nocrs" and report a bug
[    3.264677] ACPI: Enabled 5 GPEs in block 00 to 3F
[    3.325890] ACPI: PCI Root Bridge [UNC1] (domain 0000 [bus ff])
[    3.331570] acpi PNP0A03:02: _OSC: OS supports [ExtendedConfig ASPM ClockPM Segments MSI HPX-Type3]
[    3.342645] acpi PNP0A03:02: _OSC: platform does not support [SHPCHotplug LTR]
[    3.352929] acpi PNP0A03:02: _OSC: OS now controls [PCIeHotplug PME AER PCIeCapability]
[    3.363566] acpi PNP0A03:02: FADT indicates ASPM is unsupported, using BIOS configuration
[    3.371614] PCI host bridge to bus 0000:ff
[    3.375567] pci_bus 0000:ff: root bus resource [bus ff]
[    3.383578] pci 0000:ff:08.0: [8086:2f80] type 00 class 0x088000
[    3.387633] pci 0000:ff:08.2: [8086:2f32] type 00 class 0x110100
[    3.395617] pci 0000:ff:08.3: [8086:2f83] type 00 class 0x088000
[    3.403617] pci 0000:ff:09.0: [8086:2f90] type 00 class 0x088000
[    3.407612] pci 0000:ff:09.2: [8086:2f33] type 00 class 0x110100
[    3.415613] pci 0000:ff:09.3: [8086:2f93] type 00 class 0x088000
[    3.423617] pci 0000:ff:0b.0: [8086:2f81] type 00 class 0x088000
[    3.427620] pci 0000:ff:0b.1: [8086:2f36] type 00 class 0x110100
[    3.435613] pci 0000:ff:0b.2: [8086:2f37] type 00 class 0x110100
[    3.443610] pci 0000:ff:0c.0: [8086:2fe0] type 00 class 0x088000
[    3.447609] pci 0000:ff:0c.1: [8086:2fe1] type 00 class 0x088000
[    3.455607] pci 0000:ff:0c.2: [8086:2fe2] type 00 class 0x088000
[    3.463610] pci 0000:ff:0c.3: [8086:2fe3] type 00 class 0x088000
[    3.467608] pci 0000:ff:0c.4: [8086:2fe4] type 00 class 0x088000
[    3.475609] pci 0000:ff:0c.5: [8086:2fe5] type 00 class 0x088000
[    3.483621] pci 0000:ff:0c.6: [8086:2fe6] type 00 class 0x088000
[    3.491613] pci 0000:ff:0c.7: [8086:2fe7] type 00 class 0x088000
[    3.495614] pci 0000:ff:0f.0: [8086:2ff8] type 00 class 0x088000
[    3.503610] pci 0000:ff:0f.1: [8086:2ff9] type 00 class 0x088000
[    3.511610] pci 0000:ff:0f.4: [8086:2ffc] type 00 class 0x088000
[    3.515608] pci 0000:ff:0f.5: [8086:2ffd] type 00 class 0x088000
[    3.523609] pci 0000:ff:0f.6: [8086:2ffe] type 00 class 0x088000
[    3.531611] pci 0000:ff:10.0: [8086:2f1d] type 00 class 0x088000
[    3.535616] pci 0000:ff:10.1: [8086:2f34] type 00 class 0x110100
[    3.543609] pci 0000:ff:10.5: [8086:2f1e] type 00 class 0x088000
[    3.551608] pci 0000:ff:10.6: [8086:2f7d] type 00 class 0x110100
[    3.555608] pci 0000:ff:10.7: [8086:2f1f] type 00 class 0x088000
[    3.563609] pci 0000:ff:12.0: [8086:2fa0] type 00 class 0x088000
[    3.571610] pci 0000:ff:12.1: [8086:2f30] type 00 class 0x110100
[    3.575616] pci 0000:ff:13.0: [8086:2fa8] type 00 class 0x088000
[    3.583614] pci 0000:ff:13.1: [8086:2f71] type 00 class 0x088000
[    3.591622] pci 0000:ff:13.2: [8086:2faa] type 00 class 0x088000
[    3.595616] pci 0000:ff:13.3: [8086:2fab] type 00 class 0x088000
[    3.603616] pci 0000:ff:13.4: [8086:2fac] type 00 class 0x088000
[    3.611617] pci 0000:ff:13.5: [8086:2fad] type 00 class 0x088000
[    3.619614] pci 0000:ff:13.6: [8086:2fae] type 00 class 0x088000
[    3.623612] pci 0000:ff:13.7: [8086:2faf] type 00 class 0x088000
[    3.631610] pci 0000:ff:14.0: [8086:2fb0] type 00 class 0x088000
[    3.639616] pci 0000:ff:14.1: [8086:2fb1] type 00 class 0x088000
[    3.643622] pci 0000:ff:14.2: [8086:2fb2] type 00 class 0x088000
[    3.651615] pci 0000:ff:14.3: [8086:2fb3] type 00 class 0x088000
[    3.659614] pci 0000:ff:14.4: [8086:2fbc] type 00 class 0x088000
[    3.663610] pci 0000:ff:14.5: [8086:2fbd] type 00 class 0x088000
[    3.671611] pci 0000:ff:14.6: [8086:2fbe] type 00 class 0x088000
[    3.679610] pci 0000:ff:14.7: [8086:2fbf] type 00 class 0x088000
[    3.683610] pci 0000:ff:15.0: [8086:2fb4] type 00 class 0x088000
[    3.691616] pci 0000:ff:15.1: [8086:2fb5] type 00 class 0x088000
[    3.699626] pci 0000:ff:15.2: [8086:2fb6] type 00 class 0x088000
[    3.703619] pci 0000:ff:15.3: [8086:2fb7] type 00 class 0x088000
[    3.711618] pci 0000:ff:16.0: [8086:2f68] type 00 class 0x088000
[    3.719620] pci 0000:ff:16.6: [8086:2f6e] type 00 class 0x088000
[    3.727610] pci 0000:ff:16.7: [8086:2f6f] type 00 class 0x088000
[    3.731611] pci 0000:ff:17.0: [8086:2fd0] type 00 class 0x088000
[    3.739616] pci 0000:ff:17.4: [8086:2fb8] type 00 class 0x088000
[    3.747612] pci 0000:ff:17.5: [8086:2fb9] type 00 class 0x088000
[    3.751621] pci 0000:ff:17.6: [8086:2fba] type 00 class 0x088000
[    3.759611] pci 0000:ff:17.7: [8086:2fbb] type 00 class 0x088000
[    3.767618] pci 0000:ff:1e.0: [8086:2f98] type 00 class 0x088000
[    3.771609] pci 0000:ff:1e.1: [8086:2f99] type 00 class 0x088000
[    3.779610] pci 0000:ff:1e.2: [8086:2f9a] type 00 class 0x088000
[    3.787615] pci 0000:ff:1e.3: [8086:2fc0] type 00 class 0x088000
[    3.791600] pci 0000:ff:1e.4: [8086:2f9c] type 00 class 0x088000
[    3.799614] pci 0000:ff:1f.0: [8086:2f88] type 00 class 0x088000
[    3.807622] pci 0000:ff:1f.2: [8086:2f8a] type 00 class 0x088000
[    3.811713] ACPI: PCI Root Bridge [UNC0] (domain 0000 [bus 7f])
[    3.819570] acpi PNP0A03:03: _OSC: OS supports [ExtendedConfig ASPM ClockPM Segments MSI HPX-Type3]
[    3.832381] acpi PNP0A03:03: _OSC: platform does not support [SHPCHotplug LTR]
[    3.840944] acpi PNP0A03:03: _OSC: OS now controls [PCIeHotplug PME AER PCIeCapability]
[    3.847566] acpi PNP0A03:03: FADT indicates ASPM is unsupported, using BIOS configuration
[    3.859610] PCI host bridge to bus 0000:7f
[    3.863566] pci_bus 0000:7f: root bus resource [bus 7f]
[    3.867574] pci 0000:7f:08.0: [8086:2f80] type 00 class 0x088000
[    3.875614] pci 0000:7f:08.2: [8086:2f32] type 00 class 0x110100
[    3.883608] pci 0000:7f:08.3: [8086:2f83] type 00 class 0x088000
[    3.887612] pci 0000:7f:09.0: [8086:2f90] type 00 class 0x088000
[    3.895610] pci 0000:7f:09.2: [8086:2f33] type 00 class 0x110100
[    3.903607] pci 0000:7f:09.3: [8086:2f93] type 00 class 0x088000
[    3.907612] pci 0000:7f:0b.0: [8086:2f81] type 00 class 0x088000
[    3.915616] pci 0000:7f:0b.1: [8086:2f36] type 00 class 0x110100
[    3.923608] pci 0000:7f:0b.2: [8086:2f37] type 00 class 0x110100
[    3.931607] pci 0000:7f:0c.0: [8086:2fe0] type 00 class 0x088000
[    3.935604] pci 0000:7f:0c.1: [8086:2fe1] type 00 class 0x088000
[    3.943606] pci 0000:7f:0c.2: [8086:2fe2] type 00 class 0x088000
[    3.951606] pci 0000:7f:0c.3: [8086:2fe3] type 00 class 0x088000
[    3.955610] pci 0000:7f:0c.4: [8086:2fe4] type 00 class 0x088000
[    3.963606] pci 0000:7f:0c.5: [8086:2fe5] type 00 class 0x088000
[    3.971618] pci 0000:7f:0c.6: [8086:2fe6] type 00 class 0x088000
[    3.975607] pci 0000:7f:0c.7: [8086:2fe7] type 00 class 0x088000
[    3.983607] pci 0000:7f:0f.0: [8086:2ff8] type 00 class 0x088000
[    3.991608] pci 0000:7f:0f.1: [8086:2ff9] type 00 class 0x088000
[    3.995605] pci 0000:7f:0f.4: [8086:2ffc] type 00 class 0x088000
[    4.003619] pci 0000:7f:0f.5: [8086:2ffd] type 00 class 0x088000
[    4.011606] pci 0000:7f:0f.6: [8086:2ffe] type 00 class 0x088000
[    4.015609] pci 0000:7f:10.0: [8086:2f1d] type 00 class 0x088000
[    4.023617] pci 0000:7f:10.1: [8086:2f34] type 00 class 0x110100
[    4.031607] pci 0000:7f:10.5: [8086:2f1e] type 00 class 0x088000
[    4.039608] pci 0000:7f:10.6: [8086:2f7d] type 00 class 0x110100
[    4.043606] pci 0000:7f:10.7: [8086:2f1f] type 00 class 0x088000
[    4.051606] pci 0000:7f:12.0: [8086:2fa0] type 00 class 0x088000
[    4.059607] pci 0000:7f:12.1: [8086:2f30] type 00 class 0x110100
[    4.063614] pci 0000:7f:13.0: [8086:2fa8] type 00 class 0x088000
[    4.071610] pci 0000:7f:13.1: [8086:2f71] type 00 class 0x088000
[    4.079624] pci 0000:7f:13.2: [8086:2faa] type 00 class 0x088000
[    4.083614] pci 0000:7f:13.3: [8086:2fab] type 00 class 0x088000
[    4.091610] pci 0000:7f:13.4: [8086:2fac] type 00 class 0x088000
[    4.099610] pci 0000:7f:13.5: [8086:2fad] type 00 class 0x088000
[    4.103611] pci 0000:7f:13.6: [8086:2fae] type 00 class 0x088000
[    4.111609] pci 0000:7f:13.7: [8086:2faf] type 00 class 0x088000
[    4.119608] pci 0000:7f:14.0: [8086:2fb0] type 00 class 0x088000
[    4.123610] pci 0000:7f:14.1: [8086:2fb1] type 00 class 0x088000
[    4.131623] pci 0000:7f:14.2: [8086:2fb2] type 00 class 0x088000
[    4.139610] pci 0000:7f:14.3: [8086:2fb3] type 00 class 0x088000
[    4.143609] pci 0000:7f:14.4: [8086:2fbc] type 00 class 0x088000
[    4.151607] pci 0000:7f:14.5: [8086:2fbd] type 00 class 0x088000
[    4.159615] pci 0000:7f:14.6: [8086:2fbe] type 00 class 0x088000
[    4.167697] pci 0000:7f:14.7: [8086:2fbf] type 00 class 0x088000
[    4.171617] pci 0000:7f:15.0: [8086:2fb4] type 00 class 0x088000
[    4.179614] pci 0000:7f:15.1: [8086:2fb5] type 00 class 0x088000
[    4.187621] pci 0000:7f:15.2: [8086:2fb6] type 00 class 0x088000
[    4.191610] pci 0000:7f:15.3: [8086:2fb7] type 00 class 0x088000
[    4.199615] pci 0000:7f:16.0: [8086:2f68] type 00 class 0x088000
[    4.207616] pci 0000:7f:16.6: [8086:2f6e] type 00 class 0x088000
[    4.211607] pci 0000:7f:16.7: [8086:2f6f] type 00 class 0x088000
[    4.219607] pci 0000:7f:17.0: [8086:2fd0] type 00 class 0x088000
[    4.227612] pci 0000:7f:17.4: [8086:2fb8] type 00 class 0x088000
[    4.231607] pci 0000:7f:17.5: [8086:2fb9] type 00 class 0x088000
[    4.239617] pci 0000:7f:17.6: [8086:2fba] type 00 class 0x088000
[    4.247607] pci 0000:7f:17.7: [8086:2fbb] type 00 class 0x088000
[    4.251617] pci 0000:7f:1e.0: [8086:2f98] type 00 class 0x088000
[    4.259610] pci 0000:7f:1e.1: [8086:2f99] type 00 class 0x088000
[    4.267607] pci 0000:7f:1e.2: [8086:2f9a] type 00 class 0x088000
[    4.275609] pci 0000:7f:1e.3: [8086:2fc0] type 00 class 0x088000
[    4.279595] pci 0000:7f:1e.4: [8086:2f9c] type 00 class 0x088000
[    4.287609] pci 0000:7f:1f.0: [8086:2f88] type 00 class 0x088000
[    4.295618] pci 0000:7f:1f.2: [8086:2f8a] type 00 class 0x088000
[    4.316259] ACPI: PCI Root Bridge [PCI0] (domain 0000 [bus 00-7e])
[    4.323570] acpi PNP0A08:00: _OSC: OS supports [ExtendedConfig ASPM ClockPM Segments MSI HPX-Type3]
[    4.336189] acpi PNP0A08:00: _OSC: platform does not support [SHPCHotplug LTR]
[    4.344509] acpi PNP0A08:00: _OSC: OS now controls [PCIeHotplug PME AER PCIeCapability]
[    4.351566] acpi PNP0A08:00: FADT indicates ASPM is unsupported, using BIOS configuration
[    4.363994] PCI host bridge to bus 0000:00
[    4.367567] pci_bus 0000:00: root bus resource [io  0x0000-0x0cf7 window]
[    4.375566] pci_bus 0000:00: root bus resource [io  0x1000-0x7fff window]
[    4.383566] pci_bus 0000:00: root bus resource [mem 0x000a0000-0x000bffff window]
[    4.391566] pci_bus 0000:00: root bus resource [mem 0x90000000-0xc7ffbfff window]
[    4.399566] pci_bus 0000:00: root bus resource [mem 0x38000000000-0x3bfffffffff window]
[    4.407567] pci_bus 0000:00: root bus resource [bus 00-7e]
[    4.415574] pci 0000:00:00.0: [8086:2f00] type 00 class 0x060000
[    4.419748] pci 0000:00:01.0: [8086:2f02] type 01 class 0x060400
[    4.427623] pci 0000:00:01.0: PME# supported from D0 D3hot D3cold
[    4.435717] pci 0000:00:01.1: [8086:2f03] type 01 class 0x060400
[    4.439621] pci 0000:00:01.1: PME# supported from D0 D3hot D3cold
[    4.447719] pci 0000:00:02.0: [8086:2f04] type 01 class 0x060400
[    4.455620] pci 0000:00:02.0: PME# supported from D0 D3hot D3cold
[    4.463715] pci 0000:00:02.2: [8086:2f06] type 01 class 0x060400
[    4.467620] pci 0000:00:02.2: PME# supported from D0 D3hot D3cold
[    4.475717] pci 0000:00:03.0: [8086:2f08] type 01 class 0x060400
[    4.483620] pci 0000:00:03.0: PME# supported from D0 D3hot D3cold
[    4.487711] pci 0000:00:05.0: [8086:2f28] type 00 class 0x088000
[    4.495721] pci 0000:00:05.1: [8086:2f29] type 00 class 0x088000
[    4.503747] pci 0000:00:05.2: [8086:2f2a] type 00 class 0x088000
[    4.511710] pci 0000:00:05.4: [8086:2f2c] type 00 class 0x080020
[    4.515574] pci 0000:00:05.4: reg 0x10: [mem 0xc7105000-0xc7105fff]
[    4.523723] pci 0000:00:11.0: [8086:8d7c] type 00 class 0xff0000
[    4.531805] pci 0000:00:11.4: [8086:8d62] type 00 class 0x010601
[    4.535583] pci 0000:00:11.4: reg 0x10: [io  0x7110-0x7117]
[    4.543572] pci 0000:00:11.4: reg 0x14: [io  0x7100-0x7103]
[    4.551572] pci 0000:00:11.4: reg 0x18: [io  0x70f0-0x70f7]
[    4.555572] pci 0000:00:11.4: reg 0x1c: [io  0x70e0-0x70e3]
[    4.563572] pci 0000:00:11.4: reg 0x20: [io  0x7020-0x703f]
[    4.567572] pci 0000:00:11.4: reg 0x24: [mem 0xc7104000-0xc71047ff]
[    4.575607] pci 0000:00:11.4: PME# supported from D3hot
[    4.579709] pci 0000:00:16.0: [8086:8d3a] type 00 class 0x078000
[    4.587585] pci 0000:00:16.0: reg 0x10: [mem 0x3bffff13000-0x3bffff1300f 64bit]
[    4.595625] pci 0000:00:16.0: PME# supported from D0 D3hot D3cold
[    4.603697] pci 0000:00:16.1: [8086:8d3b] type 00 class 0x078000
[    4.611585] pci 0000:00:16.1: reg 0x10: [mem 0x3bffff12000-0x3bffff1200f 64bit]
[    4.619624] pci 0000:00:16.1: PME# supported from D0 D3hot D3cold
[    4.623705] pci 0000:00:1a.0: [8086:8d2d] type 00 class 0x0c0320
[    4.631585] pci 0000:00:1a.0: reg 0x10: [mem 0xc7102000-0xc71023ff]
[    4.639646] pci 0000:00:1a.0: PME# supported from D0 D3hot D3cold
[    4.647710] pci 0000:00:1c.0: [8086:8d10] type 01 class 0x060400
[    4.651643] pci 0000:00:1c.0: PME# supported from D0 D3hot D3cold
[    4.659718] pci 0000:00:1c.3: [8086:8d16] type 01 class 0x060400
[    4.667645] pci 0000:00:1c.3: PME# supported from D0 D3hot D3cold
[    4.671719] pci 0000:00:1d.0: [8086:8d26] type 00 class 0x0c0320
[    4.679586] pci 0000:00:1d.0: reg 0x10: [mem 0xc7101000-0xc71013ff]
[    4.687645] pci 0000:00:1d.0: PME# supported from D0 D3hot D3cold
[    4.695704] pci 0000:00:1f.0: [8086:8d44] type 00 class 0x060100
[    4.699792] pci 0000:00:1f.2: [8086:8d02] type 00 class 0x010601
[    4.707581] pci 0000:00:1f.2: reg 0x10: [io  0x7070-0x7077]
[    4.715571] pci 0000:00:1f.2: reg 0x14: [io  0x7060-0x7063]
[    4.719571] pci 0000:00:1f.2: reg 0x18: [io  0x7050-0x7057]
[    4.727572] pci 0000:00:1f.2: reg 0x1c: [io  0x7040-0x7043]
[    4.731571] pci 0000:00:1f.2: reg 0x20: [io  0x7000-0x701f]
[    4.739571] pci 0000:00:1f.2: reg 0x24: [mem 0xc7100000-0xc71007ff]
[    4.747600] pci 0000:00:1f.2: PME# supported from D3hot
[    4.751906] acpiphp: Slot [0] registered
[    4.755605] pci 0000:01:00.0: [8086:1521] type 00 class 0x020000
[    4.763584] pci 0000:01:00.0: reg 0x10: [mem 0xc6a00000-0xc6afffff]
[    4.771577] pci 0000:01:00.0: reg 0x18: [io  0x6020-0x603f]
[    4.775571] pci 0000:01:00.0: reg 0x1c: [mem 0xc6c04000-0xc6c07fff]
[    4.783582] pci 0000:01:00.0: reg 0x30: [mem 0xc6b80000-0xc6bfffff pref]
[    4.791630] pci 0000:01:00.0: PME# supported from D0 D3hot D3cold
[    4.799590] pci 0000:01:00.0: reg 0x184: [mem 0x3bfffe60000-0x3bfffe63fff 64bit pref]
[    4.807566] pci 0000:01:00.0: VF(n) BAR0 space: [mem 0x3bfffe60000-0x3bfffe7ffff 64bit pref] (contains BAR0 for 8 VFs)
[    4.819577] pci 0000:01:00.0: reg 0x190: [mem 0x3bfffe40000-0x3bfffe43fff 64bit pref]
[    4.827566] pci 0000:01:00.0: VF(n) BAR3 space: [mem 0x3bfffe40000-0x3bfffe5ffff 64bit pref] (contains BAR3 for 8 VFs)
[    4.839670] pci 0000:01:00.1: [8086:1521] type 00 class 0x020000
[    4.847583] pci 0000:01:00.1: reg 0x10: [mem 0xc6900000-0xc69fffff]
[    4.851577] pci 0000:01:00.1: reg 0x18: [io  0x6000-0x601f]
[    4.859572] pci 0000:01:00.1: reg 0x1c: [mem 0xc6c00000-0xc6c03fff]
[    4.867583] pci 0000:01:00.1: reg 0x30: [mem 0xc6b00000-0xc6b7ffff pref]
[    4.875627] pci 0000:01:00.1: PME# supported from D0 D3hot D3cold
[    4.879586] pci 0000:01:00.1: reg 0x184: [mem 0x3bfffe20000-0x3bfffe23fff 64bit pref]
[    4.887566] pci 0000:01:00.1: VF(n) BAR0 space: [mem 0x3bfffe20000-0x3bfffe3ffff 64bit pref] (contains BAR0 for 8 VFs)
[    4.899577] pci 0000:01:00.1: reg 0x190: [mem 0x3bfffe00000-0x3bfffe03fff 64bit pref]
[    4.911566] pci 0000:01:00.1: VF(n) BAR3 space: [mem 0x3bfffe00000-0x3bfffe1ffff 64bit pref] (contains BAR3 for 8 VFs)
[    4.923662] pci 0000:00:01.0: PCI bridge to [bus 01-02]
[    4.927567] pci 0000:00:01.0:   bridge window [io  0x6000-0x6fff]
[    4.935567] pci 0000:00:01.0:   bridge window [mem 0xc6900000-0xc6cfffff]
[    4.943568] pci 0000:00:01.0:   bridge window [mem 0x3bfffe00000-0x3bfffefffff 64bit pref]
[    4.951775] pci 0000:00:01.1: PCI bridge to [bus 03]
[    4.955781] pci 0000:00:02.0: PCI bridge to [bus 04]
[    4.963788] pci 0000:05:00.0: [1000:005d] type 00 class 0x010400
[    4.971577] pci 0000:05:00.0: reg 0x10: [io  0x5000-0x50ff]
[    4.975572] pci 0000:05:00.0: reg 0x14: [mem 0xc6f00000-0xc6f0ffff 64bit]
[    4.983571] pci 0000:05:00.0: reg 0x1c: [mem 0xc6e00000-0xc6efffff 64bit]
[    4.991575] pci 0000:05:00.0: reg 0x30: [mem 0xc6d00000-0xc6dfffff pref]
[    4.999569] pci 0000:05:00.0: enabling Extended Tags
[    5.003612] pci 0000:05:00.0: supports D1 D2
[    5.007655] pci 0000:00:02.2: PCI bridge to [bus 05]
[    5.015567] pci 0000:00:02.2:   bridge window [io  0x5000-0x5fff]
[    5.019566] pci 0000:00:02.2:   bridge window [mem 0xc6d00000-0xc6ffffff]
[    5.027786] pci 0000:06:00.0: [8086:10fb] type 00 class 0x020000
[    5.035579] pci 0000:06:00.0: reg 0x10: [mem 0xc7900000-0xc79fffff pref]
[    5.043574] pci 0000:06:00.0: reg 0x18: [io  0x4020-0x403f]
[    5.051570] pci 0000:06:00.0: reg 0x1c: [mem 0xc7e04000-0xc7e07fff pref]
[    5.055578] pci 0000:06:00.0: reg 0x30: [mem 0xc7080000-0xc70fffff pref]
[    5.063608] pci 0000:06:00.0: PME# supported from D0 D3hot
[    5.071583] pci 0000:06:00.0: reg 0x184: [mem 0xc7d00000-0xc7d03fff 64bit pref]
[    5.079566] pci 0000:06:00.0: VF(n) BAR0 space: [mem 0xc7d00000-0xc7dfffff 64bit pref] (contains BAR0 for 64 VFs)
[    5.091575] pci 0000:06:00.0: reg 0x190: [mem 0xc7c00000-0xc7c03fff 64bit pref]
[    5.099566] pci 0000:06:00.0: VF(n) BAR3 space: [mem 0xc7c00000-0xc7cfffff 64bit pref] (contains BAR3 for 64 VFs)
[    5.111732] pci 0000:06:00.1: [8086:10fb] type 00 class 0x020000
[    5.115578] pci 0000:06:00.1: reg 0x10: [mem 0xc7800000-0xc78fffff pref]
[    5.123575] pci 0000:06:00.1: reg 0x18: [io  0x4000-0x401f]
[    5.131570] pci 0000:06:00.1: reg 0x1c: [mem 0xc7e00000-0xc7e03fff pref]
[    5.139578] pci 0000:06:00.1: reg 0x30: [mem 0xc7000000-0xc707ffff pref]
[    5.143610] pci 0000:06:00.1: PME# supported from D0 D3hot
[    5.151580] pci 0000:06:00.1: reg 0x184: [mem 0xc7b00000-0xc7b03fff 64bit pref]
[    5.159569] pci 0000:06:00.1: VF(n) BAR0 space: [mem 0xc7b00000-0xc7bfffff 64bit pref] (contains BAR0 for 64 VFs)
[    5.171577] pci 0000:06:00.1: reg 0x190: [mem 0xc7a00000-0xc7a03fff 64bit pref]
[    5.179566] pci 0000:06:00.1: VF(n) BAR3 space: [mem 0xc7a00000-0xc7afffff 64bit pref] (contains BAR3 for 64 VFs)
[    5.191656] pci 0000:00:03.0: PCI bridge to [bus 06-07]
[    5.195568] pci 0000:00:03.0:   bridge window [io  0x4000-0x4fff]
[    5.203567] pci 0000:00:03.0:   bridge window [mem 0xc7000000-0xc70fffff]
[    5.211567] pci 0000:00:03.0:   bridge window [mem 0xc7800000-0xc7efffff 64bit pref]
[    5.219603] pci 0000:00:1c.0: PCI bridge to [bus 08]
[    5.223637] pci 0000:09:00.0: [102b:0522] type 00 class 0x030000
[    5.231598] pci 0000:09:00.0: reg 0x10: [mem 0xc5000000-0xc5ffffff]
[    5.239578] pci 0000:09:00.0: reg 0x14: [mem 0xc6810000-0xc6813fff]
[    5.247578] pci 0000:09:00.0: reg 0x18: [mem 0xc6000000-0xc67fffff]
[    5.251617] pci 0000:09:00.0: reg 0x30: [mem 0xc6800000-0xc680ffff pref]
[    5.259733] pci 0000:00:1c.3: PCI bridge to [bus 09]
[    5.267570] pci 0000:00:1c.3:   bridge window [mem 0xc5000000-0xc68fffff]
[    5.275596] pci_bus 0000:00: on NUMA node 0
[    5.276514] ACPI: PCI Root Bridge [PCI1] (domain 0000 [bus 80-fe])
[    5.283570] acpi PNP0A08:01: _OSC: OS supports [ExtendedConfig ASPM ClockPM Segments MSI HPX-Type3]
[    5.292175] acpi PNP0A08:01: _OSC: platform does not support [SHPCHotplug LTR]
[    5.300492] acpi PNP0A08:01: _OSC: OS now controls [PCIeHotplug PME AER PCIeCapability]
[    5.311566] acpi PNP0A08:01: FADT indicates ASPM is unsupported, using BIOS configuration
[    5.319800] PCI host bridge to bus 0000:80
[    5.323567] pci_bus 0000:80: root bus resource [io  0x8000-0xffff window]
[    5.331566] pci_bus 0000:80: root bus resource [mem 0xc8000000-0xfbffbfff window]
[    5.339567] pci_bus 0000:80: root bus resource [mem 0x3c000000000-0x3ffffffffff window]
[    5.347566] pci_bus 0000:80: root bus resource [bus 80-fe]
[    5.355577] pci 0000:80:02.0: [8086:2f04] type 01 class 0x060400
[    5.363629] pci 0000:80:02.0: PME# supported from D0 D3hot D3cold
[    5.367683] pci 0000:80:05.0: [8086:2f28] type 00 class 0x088000
[    5.375673] pci 0000:80:05.1: [8086:2f29] type 00 class 0x088000
[    5.383701] pci 0000:80:05.2: [8086:2f2a] type 00 class 0x088000
[    5.387672] pci 0000:80:05.4: [8086:2f2c] type 00 class 0x080020
[    5.395575] pci 0000:80:05.4: reg 0x10: [mem 0xfbf00000-0xfbf00fff]
[    5.403906] pci 0000:80:02.0: PCI bridge to [bus 81]
[    5.407576] pci_bus 0000:80: on NUMA node 1
[    5.408136] ACPI: PCI Interrupt Link [LNKA] (IRQs 3 4 5 6 7 10 *11 12 14 15)
[    5.415641] ACPI: PCI Interrupt Link [LNKB] (IRQs 3 4 5 6 7 *10 11 12 14 15)
[    5.423638] ACPI: PCI Interrupt Link [LNKC] (IRQs 3 4 5 6 10 *11 12 14 15)
[    5.431638] ACPI: PCI Interrupt Link [LNKD] (IRQs 3 4 *5 6 10 11 12 14 15)
[    5.439637] ACPI: PCI Interrupt Link [LNKE] (IRQs 3 4 5 6 7 10 11 12 14 15) *0, disabled.
[    5.451638] ACPI: PCI Interrupt Link [LNKF] (IRQs 3 4 5 6 7 10 11 12 14 15) *0, disabled.
[    5.459637] ACPI: PCI Interrupt Link [LNKG] (IRQs 3 4 5 6 7 10 11 12 14 15) *0, disabled.
[    5.467637] ACPI: PCI Interrupt Link [LNKH] (IRQs 3 4 5 6 7 10 11 12 14 15) *0, disabled.
[    5.479983] iommu: Default domain type: Translated 
[    5.483599] pci 0000:09:00.0: vgaarb: setting as boot VGA device
[    5.487564] pci 0000:09:00.0: vgaarb: VGA device added: decodes=io+mem,owns=io+mem,locks=none
[    5.499567] pci 0000:09:00.0: vgaarb: bridge control possible
[    5.507565] vgaarb: loaded
[    5.510713] Super block pointer is ffff923bba746000
[    5.515607] Super block pointer is ffff923bba740000
[    5.519625] SCSI subsystem initialized
[    5.523617] libata version 3.00 loaded.
[    5.523617] ACPI: bus type USB registered
[    5.527578] usbcore: registered new interface driver usbfs
[    5.535571] usbcore: registered new interface driver hub
[    5.539670] usbcore: registered new device driver usb
[    5.547592] pps_core: LinuxPPS API ver. 1 registered
[    5.551565] pps_core: Software ver. 5.3.6 - Copyright 2005-2007 Rodolfo Giometti <giometti@linux.it>
[    5.563567] PTP clock support registered
[    5.567639] EDAC MC: Ver: 3.0.0
[    5.571596] PCI: Using ACPI for IRQ routing
[    5.579926] PCI: pci_cache_line_size set to 64 bytes
[    5.580084] e820: reserve RAM buffer [mem 0x0009a000-0x0009ffff]
[    5.580085] e820: reserve RAM buffer [mem 0x6f19f000-0x6fffffff]
[    5.580209] NetLabel: Initializing
[    5.583566] NetLabel:  domain hash size = 128
[    5.587565] NetLabel:  protocols = UNLABELED CIPSOv4 CALIPSO
[    5.595599] NetLabel:  unlabeled traffic allowed by default
[    5.604366] hpet0: at MMIO 0xfed00000, IRQs 2, 8, 0, 0, 0, 0, 0, 0
[    5.607567] hpet0: 8 comparators, 64-bit 14.318180 MHz counter
[    5.619565] clocksource: Switched to clocksource tsc-early
[    5.625716] Super block pointer is ffff924bb9464000
[    5.651402] *** VALIDATE bpf ***
[    5.655010] Super block pointer is ffff924bb9465000
[    5.660539] Super block pointer is ffff924bb9466000
[    5.666058] VFS: Disk quotas dquot_6.6.0
[    5.670465] VFS: Dquot-cache hash table entries: 512 (order 0, 4096 bytes)
[    5.678165] *** VALIDATE ramfs ***
[    5.681969] *** VALIDATE hugetlbfs ***
[    5.686152] Super block pointer is ffff924bb9460000
[    5.691619] Super block pointer is ffff924bb9462800
[    5.697072] Super block pointer is ffff924bb9467800
[    5.702618] AppArmor: AppArmor Filesystem Enabled
[    5.707893] pnp: PnP ACPI init
[    5.711850] pnp 00:00: Plug and Play ACPI device, IDs PNP0b00 (active)
[    5.712010] system 00:01: [io  0x0500-0x057f] has been reserved
[    5.718620] system 00:01: [io  0x0400-0x047f] has been reserved
[    5.725217] system 00:01: [io  0x0580-0x059f] has been reserved
[    5.731824] system 00:01: [io  0x0600-0x061f] has been reserved
[    5.738432] system 00:01: [io  0x0880-0x0883] has been reserved
[    5.745038] system 00:01: [io  0x0800-0x081f] has been reserved
[    5.751646] system 00:01: [mem 0xfed1c000-0xfed3ffff] has been reserved
[    5.759028] system 00:01: [mem 0xfed45000-0xfed8bfff] has been reserved
[    5.766410] system 00:01: [mem 0xff000000-0xffffffff] has been reserved
[    5.773793] system 00:01: [mem 0xfee00000-0xfeefffff] has been reserved
[    5.781176] system 00:01: [mem 0xfed12000-0xfed1200f] has been reserved
[    5.788558] system 00:01: [mem 0xfed12010-0xfed1201f] has been reserved
[    5.795939] system 00:01: [mem 0xfed1b000-0xfed1bfff] has been reserved
[    5.803325] system 00:01: Plug and Play ACPI device, IDs PNP0c02 (active)
[    5.803505] pnp 00:02: [dma 0 disabled]
[    5.803550] pnp 00:02: Plug and Play ACPI device, IDs PNP0501 (active)
[    5.803721] pnp 00:03: [dma 0 disabled]
[    5.803760] pnp 00:03: Plug and Play ACPI device, IDs PNP0501 (active)
[    5.804686] pnp: PnP ACPI: found 4 devices
[    5.809265] Super block pointer is ffff924bb9461000
[    5.816066] thermal_sys: Registered thermal governor 'fair_share'
[    5.816067] thermal_sys: Registered thermal governor 'bang_bang'
[    5.822870] thermal_sys: Registered thermal governor 'step_wise'
[    5.829565] thermal_sys: Registered thermal governor 'user_space'
[    5.836268] thermal_sys: Registered thermal governor 'power_allocator'
[    5.847558] clocksource: acpi_pm: mask: 0xffffff max_cycles: 0xffffff, max_idle_ns: 2085701024 ns
[    5.864807] pci 0000:00:01.0: PCI bridge to [bus 01-02]
[    5.870631] pci 0000:00:01.0:   bridge window [io  0x6000-0x6fff]
[    5.877432] pci 0000:00:01.0:   bridge window [mem 0xc6900000-0xc6cfffff]
[    5.885010] pci 0000:00:01.0:   bridge window [mem 0x3bfffe00000-0x3bfffefffff 64bit pref]
[    5.894229] pci 0000:00:01.1: PCI bridge to [bus 03]
[    5.899767] pci 0000:00:02.0: PCI bridge to [bus 04]
[    5.905310] pci 0000:00:02.2: PCI bridge to [bus 05]
[    5.910850] pci 0000:00:02.2:   bridge window [io  0x5000-0x5fff]
[    5.917651] pci 0000:00:02.2:   bridge window [mem 0xc6d00000-0xc6ffffff]
[    5.925231] pci 0000:00:03.0: PCI bridge to [bus 06-07]
[    5.931062] pci 0000:00:03.0:   bridge window [io  0x4000-0x4fff]
[    5.937862] pci 0000:00:03.0:   bridge window [mem 0xc7000000-0xc70fffff]
[    5.945437] pci 0000:00:03.0:   bridge window [mem 0xc7800000-0xc7efffff 64bit pref]
[    5.954082] pci 0000:00:1c.0: PCI bridge to [bus 08]
[    5.959629] pci 0000:00:1c.3: PCI bridge to [bus 09]
[    5.965170] pci 0000:00:1c.3:   bridge window [mem 0xc5000000-0xc68fffff]
[    5.972751] pci_bus 0000:00: resource 4 [io  0x0000-0x0cf7 window]
[    5.979648] pci_bus 0000:00: resource 5 [io  0x1000-0x7fff window]
[    5.986544] pci_bus 0000:00: resource 6 [mem 0x000a0000-0x000bffff window]
[    5.994216] pci_bus 0000:00: resource 7 [mem 0x90000000-0xc7ffbfff window]
[    6.001889] pci_bus 0000:00: resource 8 [mem 0x38000000000-0x3bfffffffff window]
[    6.010144] pci_bus 0000:01: resource 0 [io  0x6000-0x6fff]
[    6.016363] pci_bus 0000:01: resource 1 [mem 0xc6900000-0xc6cfffff]
[    6.023356] pci_bus 0000:01: resource 2 [mem 0x3bfffe00000-0x3bfffefffff 64bit pref]
[    6.031999] pci_bus 0000:05: resource 0 [io  0x5000-0x5fff]
[    6.038218] pci_bus 0000:05: resource 1 [mem 0xc6d00000-0xc6ffffff]
[    6.045211] pci_bus 0000:06: resource 0 [io  0x4000-0x4fff]
[    6.051429] pci_bus 0000:06: resource 1 [mem 0xc7000000-0xc70fffff]
[    6.058424] pci_bus 0000:06: resource 2 [mem 0xc7800000-0xc7efffff 64bit pref]
[    6.066486] pci_bus 0000:09: resource 1 [mem 0xc5000000-0xc68fffff]
[    6.073651] pci 0000:80:02.0: PCI bridge to [bus 81]
[    6.079198] pci_bus 0000:80: resource 4 [io  0x8000-0xffff window]
[    6.086095] pci_bus 0000:80: resource 5 [mem 0xc8000000-0xfbffbfff window]
[    6.093767] pci_bus 0000:80: resource 6 [mem 0x3c000000000-0x3ffffffffff window]
[    6.102177] NET: Registered protocol family 2
[    6.107793] tcp_listen_portaddr_hash hash table entries: 65536 (order: 8, 1048576 bytes, vmalloc)
[    6.118956] TCP established hash table entries: 524288 (order: 10, 4194304 bytes, vmalloc)
[    6.128915] TCP bind hash table entries: 65536 (order: 8, 1048576 bytes, vmalloc)
[    6.137349] TCP: Hash tables configured (established 524288 bind 65536)
[    6.145379] UDP hash table entries: 65536 (order: 9, 2097152 bytes, vmalloc)
[    6.154029] UDP-Lite hash table entries: 65536 (order: 9, 2097152 bytes, vmalloc)
[    6.162724] NET: Registered protocol family 1
[    6.167591] NET: Registered protocol family 44
[    6.172740] pci 0000:00:05.0: disabled boot interrupts on device [8086:2f28]
[    6.203756] pci 0000:00:1a.0: quirk_usb_early_handoff+0x0/0x662 took 22578 usecs
[    6.235702] pci 0000:00:1d.0: quirk_usb_early_handoff+0x0/0x662 took 23119 usecs
[    6.243973] pci 0000:01:00.0: CLS mismatch (64 != 32), using 64 bytes
[    6.251166] pci 0000:05:00.0: [Firmware Bug]: disabling VPD access (can't determine size of non-standard VPD format)
[    6.262919] pci 0000:05:00.0: quirk_blacklist_vpd+0x0/0x20 took 11472 usecs
[    6.270703] pci 0000:09:00.0: Video device with shadowed ROM at [mem 0x000c0000-0x000dffff]
[    6.280031] pci 0000:80:05.0: disabled boot interrupts on device [8086:2f28]
[    6.287978] Trying to unpack rootfs image as initramfs...
[   14.118274] Freeing initrd memory: 500148K
[   14.139601] PCI-DMA: Using software bounce buffering for IO (SWIOTLB)
[   14.146795] software IO TLB: mapped [mem 0x6b19f000-0x6f19f000] (64MB)
[   14.155645] check: Scanning for low memory corruption every 60 seconds
[   14.164038] Initialise system trusted keyrings
[   14.169014] Key type blacklist registered
[   14.173551] workingset: timestamp_bits=36 max_order=25 bucket_order=0
[   14.182165] zbud: loaded
[   14.184999] Super block pointer is ffff923bba77a800
[   14.190587] Super block pointer is ffff923bba77f800
[   14.196394] squashfs: version 4.0 (2009/01/31) Phillip Lougher
[   14.203070] fuse: init (API version 7.31)
[   14.207576] *** VALIDATE fuse ***
[   14.211275] *** VALIDATE fuse ***
[   14.215066] Super block pointer is ffff923bba779000
[   14.220604] Platform Keyring initialized
[   14.229380] Key type asymmetric registered
[   14.233952] Asymmetric key parser 'x509' registered
[   14.239406] Block layer SCSI generic (bsg) driver version 0.4 loaded (major 244)
[   14.247740] io scheduler mq-deadline registered
[   14.253617] pcieport 0000:00:01.0: PME: Signaling with IRQ 25
[   14.260128] pcieport 0000:00:01.0: AER: enabled with IRQ 25
[   14.266589] pcieport 0000:00:01.1: PME: Signaling with IRQ 26
[   14.273063] pcieport 0000:00:01.1: AER: enabled with IRQ 26
[   14.279533] pcieport 0000:00:02.0: PME: Signaling with IRQ 28
[   14.286007] pcieport 0000:00:02.0: AER: enabled with IRQ 28
[   14.292450] pcieport 0000:00:02.2: PME: Signaling with IRQ 29
[   14.298931] pcieport 0000:00:02.2: AER: enabled with IRQ 29
[   14.305381] pcieport 0000:00:03.0: PME: Signaling with IRQ 31
[   14.311865] pcieport 0000:00:03.0: AER: enabled with IRQ 31
[   14.318285] pcieport 0000:00:1c.0: PME: Signaling with IRQ 32
[   14.324895] pcieport 0000:00:1c.3: PME: Signaling with IRQ 33
[   14.331695] pcieport 0000:80:02.0: PME: Signaling with IRQ 35
[   14.338202] pcieport 0000:80:02.0: AER: enabled with IRQ 35
[   14.344556] shpchp: Standard Hot Plug PCI Controller Driver version: 0.4
[   14.352044] Super block pointer is ffff923bba77c800
[   14.357590] intel_idle: MWAIT substates: 0x2120
[   14.357591] intel_idle: v0.4.1 model 0x3F
[   14.359112] intel_idle: lapic_timer_reliable_states 0xffffffff
[   14.359549] ACPI: AC Adapter [P111] (on-line)
[   14.364547] input: Power Button as /devices/LNXSYSTM:00/LNXSYBUS:00/PNP0C0C:00/input/input0
[   14.373899] ACPI: Power Button [PWRB]
[   14.378021] input: Power Button as /devices/LNXSYSTM:00/LNXPWRBN:00/input/input1
[   14.386329] ACPI: Power Button [PWRF]
[   14.396957] ERST: Error Record Serialization Table (ERST) support is initialized.
[   14.405317] pstore: Registered erst as persistent store backend
[   14.412481] GHES: APEI firmware first mode is enabled by APEI bit and WHEA _OSC.
[   14.420897] Serial: 8250/16550 driver, 32 ports, IRQ sharing enabled
[   14.448542] 00:02: ttyS0 at I/O 0x3f8 (irq = 4, base_baud = 115200) is a 16550A
[   14.477321] 00:03: ttyS1 at I/O 0x2f8 (irq = 3, base_baud = 115200) is a 16550A
[   14.487097] Linux agpgart interface v0.103
[   14.500216] loop: module loaded
[   14.504025] libphy: Fixed MDIO Bus: probed
[   14.508596] tun: Universal TUN/TAP device driver, 1.6
[   14.514287] PPP generic driver version 2.4.2
[   14.519146] VFIO - User Level meta-driver version: 0.3
[   14.524997] ehci_hcd: USB 2.0 'Enhanced' Host Controller (EHCI) Driver
[   14.532293] ehci-pci: EHCI PCI platform driver
[   14.537490] ehci-pci 0000:00:1a.0: EHCI Host Controller
[   14.543334] ehci-pci 0000:00:1a.0: new USB bus registered, assigned bus number 1
[   14.551602] ehci-pci 0000:00:1a.0: debug port 2
[   14.560574] ehci-pci 0000:00:1a.0: cache line size of 64 is not supported
[   14.568164] ehci-pci 0000:00:1a.0: irq 18, io mem 0xc7102000
[   14.587627] ehci-pci 0000:00:1a.0: USB 2.0 started, EHCI 1.00
[   14.594098] usb usb1: New USB device found, idVendor=1d6b, idProduct=0002, bcdDevice= 5.04
[   14.603323] usb usb1: New USB device strings: Mfr=3, Product=2, SerialNumber=1
[   14.611386] usb usb1: Product: EHCI Host Controller
[   14.616829] usb usb1: Manufacturer: Linux 5.4.62tratr ehci_hcd
[   14.623338] usb usb1: SerialNumber: 0000:00:1a.0
[   14.628625] hub 1-0:1.0: USB hub found
[   14.632815] hub 1-0:1.0: 2 ports detected
[   14.637625] ehci-pci 0000:00:1d.0: EHCI Host Controller
[   14.643468] ehci-pci 0000:00:1d.0: new USB bus registered, assigned bus number 2
[   14.651734] ehci-pci 0000:00:1d.0: debug port 2
[   14.660669] ehci-pci 0000:00:1d.0: cache line size of 64 is not supported
[   14.668249] ehci-pci 0000:00:1d.0: irq 18, io mem 0xc7101000
[   14.687628] ehci-pci 0000:00:1d.0: USB 2.0 started, EHCI 1.00
[   14.694102] usb usb2: New USB device found, idVendor=1d6b, idProduct=0002, bcdDevice= 5.04
[   14.703327] usb usb2: New USB device strings: Mfr=3, Product=2, SerialNumber=1
[   14.711388] usb usb2: Product: EHCI Host Controller
[   14.716833] usb usb2: Manufacturer: Linux 5.4.62tratr ehci_hcd
[   14.723345] usb usb2: SerialNumber: 0000:00:1d.0
[   14.728608] hub 2-0:1.0: USB hub found
[   14.732796] hub 2-0:1.0: 2 ports detected
[   14.737477] ehci-platform: EHCI generic platform driver
[   14.743323] ohci_hcd: USB 1.1 'Open' Host Controller (OHCI) Driver
[   14.750228] ohci-pci: OHCI PCI platform driver
[   14.755212] ohci-platform: OHCI generic platform driver
[   14.761048] uhci_hcd: USB Universal Host Controller Interface driver
[   14.768222] i8042: PNP: No PS/2 controller found.
[   14.773554] mousedev: PS/2 mouse device common for all mice
[   14.779883] rtc_cmos 00:00: RTC can wake from S4
[   14.785252] rtc_cmos 00:00: registered as rtc0
[   14.790232] rtc_cmos 00:00: alarms up to one month, y3k, 114 bytes nvram, hpet irqs
[   14.798783] i2c /dev entries driver
[   14.802715] device-mapper: uevent: version 1.0.3
[   14.807938] device-mapper: ioctl: 4.41.0-ioctl (2019-09-16) initialised: dm-devel@redhat.com
[   14.817376] platform eisa.0: Probing EISA bus 0
[   14.822443] platform eisa.0: EISA: Cannot allocate resource for mainboard
[   14.830020] platform eisa.0: Cannot allocate resource for EISA slot 1
[   14.837210] platform eisa.0: Cannot allocate resource for EISA slot 2
[   14.844390] platform eisa.0: Cannot allocate resource for EISA slot 3
[   14.851570] platform eisa.0: Cannot allocate resource for EISA slot 4
[   14.858761] platform eisa.0: Cannot allocate resource for EISA slot 5
[   14.865948] platform eisa.0: Cannot allocate resource for EISA slot 6
[   14.873137] platform eisa.0: Cannot allocate resource for EISA slot 7
[   14.880327] platform eisa.0: Cannot allocate resource for EISA slot 8
[   14.887516] platform eisa.0: EISA: Detected 0 cards
[   14.892968] intel_pstate: Intel P-state driver initializing
[   14.905452] ledtrig-cpu: registered to indicate activity on CPUs
[   14.912246] ashmem: initialized
[   14.915920] drop_monitor: Initializing network drop monitor service
[   14.923100] NET: Registered protocol family 10
[   14.934348] Segment Routing with IPv6
[   14.938457] NET: Registered protocol family 17
[   14.943466] Key type dns_resolver registered
[   14.950870] RAS: Correctable Errors collector initialized.
[   14.957048] microcode: sig=0x306f2, pf=0x1, revision=0x44
[   14.963895] microcode: Microcode Update Driver: v2.2.
[   14.964794] *** VALIDATE rdt ***
[   14.974045] resctrl: L3 monitoring detected
[   14.978718] IPI shorthand broadcast: enabled
[   14.979603] usb 1-1: new high-speed USB device number 2 using ehci-pci
[   14.983491] sched_clock: Marking stable (13542018936, 1441461965)->(15174351397, -190870496)
[   15.000325] registered taskstats version 1
[   15.004909] Loading compiled-in X.509 certificates
[   15.011089] Loaded X.509 cert 'Build time autogenerated kernel key: 4417138281a749e3b029bb70c5c27d4e0b54f7f6'
[   15.022383] zswap: loaded using pool lzo/zbud
[   15.027470] Key type ._fscrypt registered
[   15.031949] Key type .fscrypt registered
[   15.036478] pstore: Using crash dump compression: deflate
[   15.048297] Key type big_key registered
[   15.055019] Key type encrypted registered
[   15.059501] AppArmor: AppArmor sha1 policy hashing enabled
[   15.065631] ima: No TPM chip found, activating TPM-bypass!
[   15.071757] ima: Allocated hash algorithm: sha1
[   15.076819] ima: No architecture policies found
[   15.081883] evm: Initialising EVM extended attributes:
[   15.083598] usb 2-1: new high-speed USB device number 2 using ehci-pci
[   15.087617] evm: security.selinux
[   15.087618] evm: security.SMACK64
[   15.087620] evm: security.SMACK64EXEC
[   15.106386] evm: security.SMACK64TRANSMUTE
[   15.110955] evm: security.SMACK64MMAP
[   15.115039] evm: security.apparmor
[   15.118835] evm: security.ima
[   15.122144] evm: security.capability
[   15.126135] evm: HMAC attrs: 0x1
[   15.130476] PM:   Magic number: 9:727:490
[   15.135298] rtc_cmos 00:00: setting system clock to 2021-06-28T16:27:12 UTC (1624897632)
[   15.145948] Freeing unused decrypted memory: 2040K
[   15.147908] usb 1-1: New USB device found, idVendor=8087, idProduct=800a, bcdDevice= 0.05
[   15.160428] usb 1-1: New USB device strings: Mfr=0, Product=0, SerialNumber=0
[   15.168924] hub 1-1:1.0: USB hub found
[   15.169240] Freeing unused kernel image memory: 2716K
[   15.173157] hub 1-1:1.0: 6 ports detected
[   15.178767] tsc: Refined TSC clocksource calibration: 2394.229 MHz
[   15.190163] clocksource: tsc: mask: 0xffffffffffffffff max_cycles: 0x2282ebe39b5, max_idle_ns: 440795222502 ns
[   15.201417] clocksource: Switched to clocksource tsc
[   15.223660] Write protecting the kernel read-only data: 22528k
[   15.231009] Freeing unused kernel image memory: 2008K
[   15.237106] Freeing unused kernel image memory: 1184K
[   15.253964] x86/mm: Checked W+X mappings: passed, no W+X pages found.
[   15.255907] usb 2-1: New USB device found, idVendor=8087, idProduct=8002, bcdDevice= 0.05
[   15.261152] x86/mm: Checking user space page tables
[   15.271797] x86/mm: Checked W+X mappings: passed, no W+X pages found.
[   15.275746] usb 2-1: New USB device strings: Mfr=0, Product=0, SerialNumber=0
[   15.282926] Run /init as init process
[   15.291055] hub 2-1:1.0: USB hub found
[   15.297052] Super block pointer is ffff923bba530800
[   15.299409] hub 2-1:1.0: 8 ports detected
[   15.310378] Super block pointer is ffff923bba69d800
[   15.318340] Super block pointer is ffff923b870e8800
[   15.480191] dca service started, version 1.12.1
[   15.491944] ahci 0000:00:11.4: version 3.0
[   15.492281] ahci 0000:00:11.4: AHCI 0001.0300 32 slots 4 ports 6 Gbps 0xf impl SATA mode
[   15.501332] ahci 0000:00:11.4: flags: 64bit ncq pm led clo pio slum part ems apst 
[   15.520603] megasas: 07.710.50.00-rc1
[   15.525141] megaraid_sas 0000:05:00.0: BAR:0x1  BAR's base_addr(phys):0x00000000c6f00000  mapped virt_addr:0x0000000050354d7a
[   15.525144] megaraid_sas 0000:05:00.0: FW now in Ready state
[   15.531466] megaraid_sas 0000:05:00.0: 63 bit DMA mask and 32 bit consistent mask
[   15.540178] igb: Intel(R) Gigabit Ethernet Network Driver - version 5.6.0-k
[   15.540415] megaraid_sas 0000:05:00.0: firmware supports msix	: (96)
[   15.547950] igb: Copyright (c) 2007-2014 Intel Corporation.
[   15.555633] scsi host1: ahci
[   15.565001] megaraid_sas 0000:05:00.0: requested/available msix 33/33
[   15.572191] megaraid_sas 0000:05:00.0: current msix/online cpus	: (33/32)
[   15.579767] megaraid_sas 0000:05:00.0: RDPQ mode	: (disabled)
[   15.586179] megaraid_sas 0000:05:00.0: Current firmware supports maximum commands: 272	 LDIO threshold: 237
[   15.597215] scsi host2: ahci
[   15.600544] megaraid_sas 0000:05:00.0: Configured max firmware commands: 271
[   15.607607] usb 2-1.4: new high-speed USB device number 3 using ehci-pci
[   15.608510] scsi host3: ahci
[   15.619252] scsi host4: ahci
[   15.619531] ixgbe: Intel(R) 10 Gigabit PCI Express Network Driver - version 5.1.0-k
[   15.622524] ata1: SATA max UDMA/133 abar m2048@0xc7104000 port 0xc7104100 irq 36
[   15.631013] ixgbe: Copyright (c) 1999-2016 Intel Corporation.
[   15.645686] ata2: SATA max UDMA/133 abar m2048@0xc7104000 port 0xc7104180 irq 36
[   15.653942] ata3: SATA max UDMA/133 abar m2048@0xc7104000 port 0xc7104200 irq 36
[   15.662198] ata4: SATA max UDMA/133 abar m2048@0xc7104000 port 0xc7104280 irq 36
[   15.671008] megaraid_sas 0000:05:00.0: Performance mode :Latency
[   15.677711] megaraid_sas 0000:05:00.0: FW supports sync cache	: No
[   15.684611] megaraid_sas 0000:05:00.0: megasas_disable_intr_fusion is called outbound_intr_mask:0x40000009
[   15.695887] igb 0000:01:00.0: PHY reset is blocked due to SOL/IDER session.
[   15.709342] ahci 0000:00:1f.2: AHCI 0001.0300 32 slots 6 ports 6 Gbps 0x3f impl SATA mode
[   15.718479] ahci 0000:00:1f.2: flags: 64bit ncq pm led clo pio slum part ems apst 
[   15.723911] usb 2-1.4: New USB device found, idVendor=0424, idProduct=2512, bcdDevice= b.b3
[   15.736261] usb 2-1.4: New USB device strings: Mfr=0, Product=0, SerialNumber=0
[   15.744708] hub 2-1.4:1.0: USB hub found
[   15.749160] hub 2-1.4:1.0: 2 ports detected
[   15.772957] igb 0000:01:00.0: added PHC on eth0
[   15.778009] igb 0000:01:00.0: Intel(R) Gigabit Ethernet Network Connection
[   15.785686] igb 0000:01:00.0: eth0: (PCIe:5.0Gb/s:Width x4) 74:a0:2f:a4:78:74
[   15.793712] igb 0000:01:00.0: eth0: PBA No: FFFFFF-0FF
[   15.799445] igb 0000:01:00.0: Using MSI-X interrupts. 8 rx queue(s), 8 tx queue(s)
[   15.808399] igb 0000:01:00.1: PHY reset is blocked due to SOL/IDER session.
[   15.831598] usb 2-1.6: new full-speed USB device number 4 using ehci-pci
[   15.838994] scsi host5: ahci
[   15.842458] scsi host6: ahci
[   15.845833] scsi host7: ahci
[   15.849203] scsi host8: ahci
[   15.853419] scsi host9: ahci
[   15.856693] igb 0000:01:00.1: added PHC on eth1
[   15.861751] igb 0000:01:00.1: Intel(R) Gigabit Ethernet Network Connection
[   15.869425] igb 0000:01:00.1: eth1: (PCIe:5.0Gb/s:Width x4) 74:a0:2f:a4:78:75
[   15.877458] igb 0000:01:00.1: eth1: PBA No: FFFFFF-0FF
[   15.883190] igb 0000:01:00.1: Using MSI-X interrupts. 8 rx queue(s), 8 tx queue(s)
[   15.915646] scsi host10: ahci
[   15.918999] ata5: SATA max UDMA/133 abar m2048@0xc7100000 port 0xc7100100 irq 82
[   15.927255] ata6: SATA max UDMA/133 abar m2048@0xc7100000 port 0xc7100180 irq 82
[   15.935511] ata7: SATA max UDMA/133 abar m2048@0xc7100000 port 0xc7100200 irq 82
[   15.943775] ata8: SATA max UDMA/133 abar m2048@0xc7100000 port 0xc7100280 irq 82
[   15.946284] usb 2-1.6: New USB device found, idVendor=0624, idProduct=0402, bcdDevice= 0.00
[   15.952042] ata9: SATA max UDMA/133 abar m2048@0xc7100000 port 0xc7100300 irq 82
[   15.961377] usb 2-1.6: New USB device strings: Mfr=1, Product=2, SerialNumber=3
[   15.961390] usb 2-1.6: Product: Cisco USB Composite Device-0
[   15.961391] usb 2-1.6: Manufacturer: Avocent
[   15.969644] ata10: SATA max UDMA/133 abar m2048@0xc7100000 port 0xc7100380 irq 82
[   15.977813] usb 2-1.6: SerialNumber: 20111102-00000001
[   15.986077] ata4: SATA link down (SStatus 0 SControl 300)
[   15.988909] megaraid_sas 0000:05:00.0: FW provided supportMaxExtLDs: 0	max_lds: 32
[   15.997317] ata3: SATA link down (SStatus 0 SControl 300)
[   16.003012] megaraid_sas 0000:05:00.0: controller type	: iMR(0MB)
[   16.009085] ata2: SATA link down (SStatus 0 SControl 300)
[   16.017490] megaraid_sas 0000:05:00.0: Online Controller Reset(OCR)	: Enabled
[   16.023561] ata1: SATA link down (SStatus 0 SControl 300)
[   16.030317] megaraid_sas 0000:05:00.0: Secure JBOD support	: Yes
[   16.036471] hidraw: raw HID events driver (C) Jiri Kosina
[   16.044303] megaraid_sas 0000:05:00.0: NVMe passthru support	: No
[   16.044303] megaraid_sas 0000:05:00.0: FW provided TM TaskAbort/Reset timeout	: 0 secs/0 secs
[   16.044304] megaraid_sas 0000:05:00.0: JBOD sequence map support	: Yes
[   16.044306] megaraid_sas 0000:05:00.0: PCI Lane Margining support	: No
[   16.094383] ixgbe 0000:06:00.0: Multiqueue Enabled: Rx Queue count = 32, Tx Queue count = 32 XDP Queue count = 0
[   16.096126] usbcore: registered new interface driver usbhid
[   16.106045] ixgbe 0000:06:00.0: 32.000 Gb/s available PCIe bandwidth (5 GT/s x8 link)
[   16.111974] usbhid: USB HID core driver
[   16.121044] ixgbe 0000:06:00.0: MAC: 2, PHY: 14, SFP+: 3, PBA No: E68793-000
[   16.132885] ixgbe 0000:06:00.0: 90:e2:ba:83:c7:d0
[   16.139616] ixgbe 0000:06:00.0: Intel(R) 10 Gigabit Network Connection
[   16.140012] igb 0000:01:00.1 enp1s0f1: renamed from eth1
[   16.146985] libphy: ixgbe-mdio: probed
[   16.157289] input: Avocent Cisco USB Composite Device-0 as /devices/pci0000:00/0000:00:1d.0/usb2/2-1/2-1.6/2-1.6:1.0/0003:0624:0402.0001/input/input2
[   16.185534] megaraid_sas 0000:05:00.0: megasas_enable_intr_fusion is called outbound_intr_mask:0x40000000
[   16.196216] megaraid_sas 0000:05:00.0: INIT adapter done
[   16.211937] igb 0000:01:00.0 enp1s0f0: renamed from eth0
[   16.231677] hid-generic 0003:0624:0402.0001: input,hidraw0: USB HID v1.00 Keyboard [Avocent Cisco USB Composite Device-0] on usb-0000:00:1d.0-1.6/input0
[   16.247055] input: Avocent Cisco USB Composite Device-0 as /devices/pci0000:00/0000:00:1d.0/usb2/2-1/2-1.6/2-1.6:1.1/0003:0624:0402.0002/input/input3
[   16.262104] hid-generic 0003:0624:0402.0002: input,hidraw1: USB HID v1.00 Mouse [Avocent Cisco USB Composite Device-0] on usb-0000:00:1d.0-1.6/input1
[   16.275512] megaraid_sas 0000:05:00.0: pci id		: (0x1000)/(0x005d)/(0x1137)/(0x00db)
[   16.277167] input: Avocent Cisco USB Composite Device-0 as /devices/pci0000:00/0000:00:1d.0/usb2/2-1/2-1.6/2-1.6:1.2/0003:0624:0402.0003/input/input4
[   16.285707] megaraid_sas 0000:05:00.0: unevenspan support	: no
[   16.285708] megaraid_sas 0000:05:00.0: firmware crash dump	: no
[   16.300778] hid-generic 0003:0624:0402.0003: input,hidraw2: USB HID v1.00 Mouse [Avocent Cisco USB Composite Device-0] on usb-0000:00:1d.0-1.6/input2
[   16.301152] ata9: SATA link down (SStatus 0 SControl 300)
[   16.301189] ata5: SATA link down (SStatus 0 SControl 300)
[   16.301279] ata7: SATA link down (SStatus 0 SControl 300)
[   16.301302] ata10: SATA link down (SStatus 0 SControl 300)
[   16.301350] ata6: SATA link down (SStatus 0 SControl 300)
[   16.302670] ata8: SATA link down (SStatus 0 SControl 300)
[   16.307176] megaraid_sas 0000:05:00.0: JBOD sequence map	: enabled
[   16.396240] ixgbe 0000:06:00.1: Multiqueue Enabled: Rx Queue count = 32, Tx Queue count = 32 XDP Queue count = 0
[   16.407902] ixgbe 0000:06:00.1: 32.000 Gb/s available PCIe bandwidth (5 GT/s x8 link)
[   16.416960] ixgbe 0000:06:00.1: MAC: 2, PHY: 14, SFP+: 4, PBA No: E68793-000
[   16.424828] ixgbe 0000:06:00.1: 90:e2:ba:83:c7:d1
[   16.431100] ixgbe 0000:06:00.1: Intel(R) 10 Gigabit Network Connection
[   16.438425] libphy: ixgbe-mdio: probed
[   16.442741] scsi host0: Avago SAS based MegaRAID driver
[   16.443866] ixgbe 0000:06:00.1 enp6s0f1: renamed from eth0
[   16.450105] scsi 0:0:0:0: Direct-Access     SEAGATE  ST1200MM0007     0002 PQ: 0 ANSI: 6
[   16.466751] scsi 0:0:1:0: Direct-Access     SEAGATE  ST1200MM0007     0002 PQ: 0 ANSI: 6
[   16.479594] scsi 0:0:2:0: Direct-Access     ATA      INTEL SSDSC2BB48 0370 PQ: 0 ANSI: 6
[   16.487904] ixgbe 0000:06:00.0 enp6s0f0: renamed from eth2
[   16.525955] sd 0:0:0:0: Attached scsi generic sg0 type 0
[   16.526828] sd 0:0:0:0: [sda] 2344225968 512-byte logical blocks: (1.20 TB/1.09 TiB)
[   16.532803] sd 0:0:1:0: Attached scsi generic sg1 type 0
[   16.533656] sd 0:0:1:0: [sdb] 2344225968 512-byte logical blocks: (1.20 TB/1.09 TiB)
[   16.533960] sd 0:0:1:0: [sdb] Write Protect is off
[   16.533961] sd 0:0:1:0: [sdb] Mode Sense: db 00 10 08
[   16.534426] sd 0:0:1:0: [sdb] Write cache: enabled, read cache: enabled, supports DPO and FUA
[   16.540867] sd 0:0:0:0: [sda] Write Protect is off
[   16.546634] sd 0:0:2:0: Attached scsi generic sg2 type 0
[   16.548466] sd 0:0:2:0: [sdc] 937703088 512-byte logical blocks: (480 GB/447 GiB)
[   16.548467] sd 0:0:2:0: [sdc] 4096-byte physical blocks
[   16.549355] sd 0:0:2:0: [sdc] Write Protect is off
[   16.549356] sd 0:0:2:0: [sdc] Mode Sense: 9b 00 10 08
[   16.549755] sd 0:0:2:0: [sdc] Write cache: enabled, read cache: enabled, supports DPO and FUA
[   16.556680] sd 0:0:0:0: [sda] Mode Sense: db 00 10 08
[   16.557197] sd 0:0:0:0: [sda] Write cache: enabled, read cache: enabled, supports DPO and FUA
[   16.636602] sd 0:0:1:0: [sdb] Attached SCSI disk
[   16.638924] sd 0:0:2:0: [sdc] Attached SCSI disk
[   16.663455]  sda: sda1 sda2 sda3 sda4
[   16.689760] sd 0:0:0:0: [sda] Attached SCSI disk
[   17.100555] Super block pointer is ffff923b824e8000
[   17.106227] EXT4-fs (sda1): mounting ext3 file system using the ext4 subsystem
[   17.117538] EXT4-fs (sda1): mounted filesystem with ordered data mode. Opts: (null)
[   18.058731] systemd[1]: Inserted module 'autofs4'
[   18.215048] Super block pointer is ffff923bba4c2800
[   18.220593] Super block pointer is ffff923bba4c1000
[   18.226221] Super block pointer is ffff923bba4c3800
[   18.231884] Super block pointer is ffff923bba4c4800
[   18.237436] Super block pointer is ffff923bba4c0800
[   18.242972] Super block pointer is ffff923bba4c6800
[   18.248521] Super block pointer is ffff923bba4c7000
[   18.263175] systemd[1]: systemd 245.4-4ubuntu3.1 running in system mode. (+PAM +AUDIT +SELINUX +IMA +APPARMOR +SMACK +SYSVINIT +UTMP +LIBCRYPTSETUP +GCRYPT +GNUTLS +ACL +XZ +LZ4 +SECCOMP +BLKID +ELFUTILS +KMOD +IDN2 -IDN +PCRE2 default-hierarchy=hybrid)
[   18.307778] systemd[1]: Detected architecture x86-64.
[   18.313548] Super block pointer is ffff924bb8fa1000
[   18.319077] Super block pointer is ffff924bb8fa3800
[   18.324609] Super block pointer is ffff924bb8fa4800
[   18.330230] Super block pointer is ffff924bb8fa0800
[   18.335752] Super block pointer is ffff924bb8fa6800
[   18.341280] Super block pointer is ffff924bb8fa7000
[   18.346880] Super block pointer is ffff924bb8fa1800
[   18.352420] Super block pointer is ffff924bb8fa2000
[   18.358112] Super block pointer is ffff924bb8fa7800
[   18.363634] Super block pointer is ffff924bb8fa2800
[   18.383649] Super block pointer is ffff924bb8fa0000
[   18.407043] systemd[1]: Set hostname to <localhost>.
[   19.215709] systemd[1]: /lib/systemd/system/dbus.socket:5: ListenStream= references a path below legacy directory /var/run/, updating /var/run/dbus/system_bus_socket  /run/dbus/system_bus_socket; please update the unit file accordingly.
[   19.278497] systemd[1]: /etc/systemd/system/pubsubd.service:11: PIDFile= references a path below legacy directory /var/run/, updating /var/run/pubsubd.pid  /run/pubsubd.pid; please update the unit file accordingly.
[   19.334012] systemd[1]: /lib/systemd/system/docker.socket:5: ListenStream= references a path below legacy directory /var/run/, updating /var/run/docker.sock  /run/docker.sock; please update the unit file accordingly.
[   19.498262] systemd[1]: Created slice system-modprobe.slice.
[   19.520317] systemd[1]: Created slice system-serial\x2dgetty.slice.
[   19.544293] systemd[1]: Created slice system-systemd\x2dfsck.slice.
[   19.568517] systemd[1]: Created slice User and Session Slice.
[   19.591817] systemd[1]: Started Dispatch Password Requests to Console Directory Watch.
[   19.619750] systemd[1]: Started Forward Password Requests to Wall Directory Watch.
[   19.647875] Super block pointer is ffff924b86436000
[   19.653374] systemd[1]: Set up automount Arbitrary Executable File Formats File System Automount Point.
[   19.683753] systemd[1]: Reached target Local Encrypted Volumes.
[   19.707701] systemd[1]: Reached target User and Group Name Lookups.
[   19.731699] systemd[1]: Reached target Paths.
[   19.751724] systemd[1]: Reached target Slices.
[   19.771846] systemd[1]: Listening on Device-mapper event daemon FIFOs.
[   19.795882] systemd[1]: Listening on LVM2 poll daemon socket.
[   19.824260] systemd[1]: Listening on RPCbind Server Activation Socket.
[   19.851805] systemd[1]: Listening on Syslog Socket.
[   19.871918] systemd[1]: Listening on fsck to fsckd communication Socket.
[   19.895754] systemd[1]: Listening on initctl Compatibility Named Pipe.
[   19.919947] systemd[1]: Listening on Journal Audit Socket.
[   19.943828] systemd[1]: Listening on Journal Socket (/dev/log).
[   19.967803] systemd[1]: Listening on Journal Socket.
[   19.987808] systemd[1]: Listening on udev Control Socket.
[   20.011780] systemd[1]: Listening on udev Kernel Socket.
[   20.037001] systemd[1]: Mounting Huge Pages File System...
[   20.047492] Super block pointer is ffff923bba531800
[   20.065108] systemd[1]: Mounting POSIX Message Queue File System...
[   20.088943] systemd[1]: Mounting RPC Pipe File System...
[   20.112927] systemd[1]: Mounting Kernel Debug File System...
[   20.137241] systemd[1]: Mounting Kernel Trace File System...
[   20.161969] systemd[1]: Starting Journal Service...
[   20.197673] systemd[1]: Starting Set the console keyboard layout...
[   20.220995] systemd[1]: Starting Create list of static device nodes for the current kernel...
[   20.248856] systemd[1]: Starting Monitoring of LVM2 mirrors, snapshots etc. using dmeventd or progress polling...
[   20.280817] systemd[1]: Starting Load Kernel Module drm...
[   20.313858] systemd[1]: Condition check resulted in Set Up Additional Binary Formats being skipped.
[   20.323986] systemd[1]: Condition check resulted in File System Check on Root Device being skipped.
[   20.349300] systemd[1]: Starting Load Kernel Modules...
[   20.372936] systemd[1]: Starting Remount Root and Kernel File Systems...
[   20.396717] systemd[1]: Starting udev Coldplug all Devices...
[   20.407617] EXT4-fs (sda1): re-mounted. Opts: errors=remount-ro
[   20.425042] systemd[1]: Started Journal Service.
[   20.604006] Super block pointer is ffff923bba102800
[   20.661590] systemd-journald[597]: Received client request to flush runtime journal.
[   20.702904] RPC: Registered named UNIX socket transport module.
[   20.709514] RPC: Registered udp transport module.
[   20.714765] RPC: Registered tcp transport module.
[   20.714765] RPC: Registered tcp NFSv4.1 backchannel transport module.
[   20.722558] Super block pointer is ffff924b87e1b800
[   21.439197] power_meter ACPI000D:00: Found ACPI power meter.
[   21.439505] power_meter ACPI000D:00: Ignoring unsafe software power cap!
[   21.439669] power_meter ACPI000D:00: hwmon_device_register() is deprecated. Please convert the driver to use hwmon_device_register_with_info().
[   21.551934] power_meter ACPI000D:01: Found ACPI power meter.
[   21.551957] power_meter ACPI000D:01: Ignoring unsafe software power cap!
[   21.551960] power_meter ACPI000D:01: hwmon_device_register() is deprecated. Please convert the driver to use hwmon_device_register_with_info().
[   21.636872] IPMI message handler: version 39.2
[   21.741292] ipmi device interface
[   22.063189] RAPL PMU: API unit is 2^-32 Joules, 2 fixed counters, 655360 ms ovfl timer
[   22.063190] RAPL PMU: hw unit of domain package 2^-14 Joules
[   22.063191] RAPL PMU: hw unit of domain dram 2^-16 Joules
[   22.149813] mei_me 0000:00:16.0: Device doesn't have valid ME Interface
[   22.152358] ipmi_si: IPMI System Interface driver
[   22.152383] ipmi_si dmi-ipmi-si.0: ipmi_platform: probing via SMBIOS
[   22.152385] ipmi_platform: ipmi_si: SMBIOS: io 0xca2 regsize 1 spacing 1 irq 0
[   22.152386] ipmi_si: Adding SMBIOS-specified kcs state machine
[   22.152457] ipmi_si IPI0001:00: ipmi_platform: probing via ACPI
[   22.152614] ipmi_si IPI0001:00: ipmi_platform: [io  0x0ca2] regsize 1 spacing 1 irq 0
[   22.152615] ipmi_si dmi-ipmi-si.0: Removing SMBIOS-specified kcs state machine in favor of ACPI
[   22.152616] ipmi_si: Adding ACPI-specified kcs state machine
[   22.152696] ipmi_si: Trying ACPI-specified kcs state machine at i/o address 0xca2, slave address 0x20, irq 0
[   22.252278] cryptd: max_cpu_qlen set to 1000
[   22.476628] AVX2 version of gcm_enc/dec engaged.
[   22.476631] AES CTR mode by8 optimization enabled
[   22.487774] Super block pointer is ffff924bba138800
[   22.502430] EXT4-fs (sdc): mounted filesystem with ordered data mode. Opts: errors=remount-ro
[   22.512298] ipmi_si IPI0001:00: IPMI message handler: Found new BMC (man_id: 0x00168b, prod_id: 0x0015, dev_id: 0x20)
[   22.563852] ipmi_si IPI0001:00: IPMI kcs interface initialized
[   22.695107] ipmi_ssif: IPMI SSIF Interface driver
[   22.763299] Super block pointer is ffff924bb716d000
[   22.767587] Adding 3145724k swap on /dev/sda3.  Priority:-2 extents:1 across:3145724k FS
[   23.069076] mgag200 0000:09:00.0: remove_conflicting_pci_framebuffers: bar 0: 0xc5000000 -> 0xc5ffffff
[   23.069078] mgag200 0000:09:00.0: remove_conflicting_pci_framebuffers: bar 1: 0xc6810000 -> 0xc6813fff
[   23.069079] mgag200 0000:09:00.0: remove_conflicting_pci_framebuffers: bar 2: 0xc6000000 -> 0xc67fffff
[   23.069081] mgag200 0000:09:00.0: vgaarb: deactivate vga console
[   23.077081] Console: switching to colour dummy device 80x25
[   23.077092] Super block pointer is ffff924b866cf800
[   23.083276] [TTM] Zone  kernel: Available graphics memory: 65874542 KiB
[   23.083277] [TTM] Zone   dma32: Available graphics memory: 2097152 KiB
[   23.083278] [TTM] Initializing pool allocator
[   23.083282] [TTM] Initializing DMA pool allocator
[   23.121746] fbcon: mgag200drmfb (fb0) is primary device
[   23.317427] audit: type=1400 audit(1624897640.678:2): apparmor="STATUS" operation="profile_load" profile="unconfined" name="nvidia_modprobe" pid=901 comm="apparmor_parser"
[   23.317430] audit: type=1400 audit(1624897640.678:3): apparmor="STATUS" operation="profile_load" profile="unconfined" name="nvidia_modprobe//kmod" pid=901 comm="apparmor_parser"
[   23.336620] audit: type=1400 audit(1624897640.698:4): apparmor="STATUS" operation="profile_load" profile="unconfined" name="/usr/bin/man" pid=898 comm="apparmor_parser"
[   23.336624] audit: type=1400 audit(1624897640.698:5): apparmor="STATUS" operation="profile_load" profile="unconfined" name="man_filter" pid=898 comm="apparmor_parser"
[   23.336627] audit: type=1400 audit(1624897640.698:6): apparmor="STATUS" operation="profile_load" profile="unconfined" name="man_groff" pid=898 comm="apparmor_parser"
[   23.337630] audit: type=1400 audit(1624897640.698:7): apparmor="STATUS" operation="profile_load" profile="unconfined" name="lsb_release" pid=900 comm="apparmor_parser"
[   23.355616] Console: switching to colour frame buffer device 128x48
[   23.357253] mgag200 0000:09:00.0: fb0: mgag200drmfb frame buffer device
[   23.361694] audit: type=1400 audit(1624897640.722:8): apparmor="STATUS" operation="profile_load" profile="unconfined" name="/usr/sbin/ntpd" pid=896 comm="apparmor_parser"
[   23.364274] audit: type=1400 audit(1624897640.726:9): apparmor="STATUS" operation="profile_load" profile="unconfined" name="/usr/lib/NetworkManager/nm-dhcp-client.action" pid=899 comm="apparmor_parser"
[   23.364277] audit: type=1400 audit(1624897640.726:10): apparmor="STATUS" operation="profile_load" profile="unconfined" name="/usr/lib/NetworkManager/nm-dhcp-helper" pid=899 comm="apparmor_parser"
[   23.364279] audit: type=1400 audit(1624897640.726:11): apparmor="STATUS" operation="profile_load" profile="unconfined" name="/usr/lib/connman/scripts/dhclient-script" pid=899 comm="apparmor_parser"
[   23.559622] [drm] Initialized mgag200 1.0.0 20110418 for 0000:09:00.0 on minor 0
[   24.122837] EDAC sbridge: Seeking for: PCI ID 8086:2fa0
[   24.122853] EDAC sbridge: Seeking for: PCI ID 8086:2fa0
[   24.122869] EDAC sbridge: Seeking for: PCI ID 8086:2fa0
[   24.122886] EDAC sbridge: Seeking for: PCI ID 8086:2f60
[   24.122897] EDAC sbridge: Seeking for: PCI ID 8086:2fa8
[   24.122901] EDAC sbridge: Seeking for: PCI ID 8086:2fa8
[   24.122908] EDAC sbridge: Seeking for: PCI ID 8086:2fa8
[   24.122913] EDAC sbridge: Seeking for: PCI ID 8086:2f71
[   24.122917] EDAC sbridge: Seeking for: PCI ID 8086:2f71
[   24.122923] EDAC sbridge: Seeking for: PCI ID 8086:2f71
[   24.122928] EDAC sbridge: Seeking for: PCI ID 8086:2faa
[   24.122934] EDAC sbridge: Seeking for: PCI ID 8086:2faa
[   24.122940] EDAC sbridge: Seeking for: PCI ID 8086:2faa
[   24.122945] EDAC sbridge: Seeking for: PCI ID 8086:2fab
[   24.122949] EDAC sbridge: Seeking for: PCI ID 8086:2fab
[   24.122955] EDAC sbridge: Seeking for: PCI ID 8086:2fab
[   24.122960] EDAC sbridge: Seeking for: PCI ID 8086:2fac
[   24.122964] EDAC sbridge: Seeking for: PCI ID 8086:2fac
[   24.122971] EDAC sbridge: Seeking for: PCI ID 8086:2fac
[   24.122975] EDAC sbridge: Seeking for: PCI ID 8086:2fad
[   24.122979] EDAC sbridge: Seeking for: PCI ID 8086:2fad
[   24.122986] EDAC sbridge: Seeking for: PCI ID 8086:2fad
[   24.122990] EDAC sbridge: Seeking for: PCI ID 8086:2f68
[   24.122995] EDAC sbridge: Seeking for: PCI ID 8086:2f79
[   24.123006] EDAC sbridge: Seeking for: PCI ID 8086:2f6a
[   24.123017] EDAC sbridge: Seeking for: PCI ID 8086:2f6b
[   24.123029] EDAC sbridge: Seeking for: PCI ID 8086:2f6c
[   24.123041] EDAC sbridge: Seeking for: PCI ID 8086:2f6d
[   24.123053] EDAC sbridge: Seeking for: PCI ID 8086:2ffc
[   24.123056] EDAC sbridge: Seeking for: PCI ID 8086:2ffc
[   24.123062] EDAC sbridge: Seeking for: PCI ID 8086:2ffc
[   24.123068] EDAC sbridge: Seeking for: PCI ID 8086:2ffd
[   24.123071] EDAC sbridge: Seeking for: PCI ID 8086:2ffd
[   24.123077] EDAC sbridge: Seeking for: PCI ID 8086:2ffd
[   24.123082] EDAC sbridge: Seeking for: PCI ID 8086:2fbd
[   24.123087] EDAC sbridge: Seeking for: PCI ID 8086:2fbd
[   24.123093] EDAC sbridge: Seeking for: PCI ID 8086:2fbd
[   24.123097] EDAC sbridge: Seeking for: PCI ID 8086:2fbf
[   24.123102] EDAC sbridge: Seeking for: PCI ID 8086:2fbf
[   24.123108] EDAC sbridge: Seeking for: PCI ID 8086:2fbf
[   24.123112] EDAC sbridge: Seeking for: PCI ID 8086:2fb9
[   24.123118] EDAC sbridge: Seeking for: PCI ID 8086:2fb9
[   24.123124] EDAC sbridge: Seeking for: PCI ID 8086:2fb9
[   24.123127] EDAC sbridge: Seeking for: PCI ID 8086:2fbb
[   24.123133] EDAC sbridge: Seeking for: PCI ID 8086:2fbb
[   24.123139] EDAC sbridge: Seeking for: PCI ID 8086:2fbb
[   24.123249] EDAC MC0: Giving out device to module sb_edac controller Haswell SrcID#1_Ha#0: DEV 0000:ff:12.0 (INTERRUPT)
[   24.123335] EDAC MC1: Giving out device to module sb_edac controller Haswell SrcID#0_Ha#0: DEV 0000:7f:12.0 (INTERRUPT)
[   24.123335] EDAC sbridge:  Ver: 1.1.2 
[   24.305709] intel_rapl_common: Found RAPL domain package
[   24.305713] intel_rapl_common: Found RAPL domain dram
[   24.305715] intel_rapl_common: DRAM domain energy unit 15300pj
[   24.307814] intel_rapl_common: Found RAPL domain package
[   24.307820] intel_rapl_common: Found RAPL domain dram
[   24.307823] intel_rapl_common: DRAM domain energy unit 15300pj
[   24.888239] Super block pointer is ffff924b87e05800
[   24.914830] ixgbe 0000:06:00.1: registered PHC device on enp6s0f1
[   25.095638] ixgbe 0000:06:00.1 enp6s0f1: detected SFP+: 4
[   25.180830] ixgbe 0000:06:00.0: registered PHC device on enp6s0f0
[   25.334876] igb 0000:01:00.0 enp1s0f0: igb: enp1s0f0 NIC Link is Up 1000 Mbps Full Duplex, Flow Control: RX
[   25.335544] IPv6: ADDRCONF(NETDEV_CHANGE): enp1s0f0: link becomes ready
[   25.351944] ixgbe 0000:06:00.0 enp6s0f0: detected SFP+: 3
[   25.503645] ixgbe 0000:06:00.0 enp6s0f0: NIC Link is Up 10 Gbps, Flow Control: RX/TX
[   25.503775] IPv6: ADDRCONF(NETDEV_CHANGE): enp6s0f0: link becomes ready
[   28.409997] ixgbe 0000:06:00.0: removed PHC on enp6s0f0
[   28.917266] ixgbe 0000:06:00.1: removed PHC on enp6s0f1
[   31.723835] ipod: loading out-of-tree module taints kernel.
[   31.723903] ipod: module verification failed: signature and/or required key missing - tainting kernel
[   31.724386] initializing IPOD
[   32.426626] kauditd_printk_skb: 2 callbacks suppressed
[   32.426629] audit: type=1400 audit(1624897649.786:14): apparmor="STATUS" operation="profile_load" profile="unconfined" name="docker-default" pid=1243 comm="apparmor_parser"
[   32.448342] Super block pointer is ffff924b86e78000
[   33.467260] bridge: filtering via arp/ip/ip6tables is no longer available by default. Update your scripts to load br_netfilter if you need this.
[   33.549913] Bridge firewalling registered
[   33.634122] bpfilter: Loaded bpfilter_umh pid 1300
[   33.634606] Started bpfilter
[   34.596034] FS-Cache: Loaded
[   35.711426] Initializing XFRM netlink socket
[   35.912794] FS-Cache: Netfs 'nfs' registered for caching
[   36.067060] Super block pointer is ffff924b9bac9000
[   36.146093] Super block pointer is ffff924ba9249800
[   36.530839] Super block pointer is ffff923bb2435800
[   39.077900] ixgbe 0000:06:00.0: registered PHC device on enp6s0f0
[   39.247727] ixgbe 0000:06:00.0 enp6s0f0: detected SFP+: 3
[   39.395337] ixgbe 0000:06:00.0 enp6s0f0: NIC Link is Up 10 Gbps, Flow Control: RX/TX
[   39.395475] IPv6: ADDRCONF(NETDEV_CHANGE): enp6s0f0: link becomes ready
[ 4591.429960] Super block pointer is ffff924bb76fe000
[ 6133.282293] Super block pointer is ffff924bba1f9800
[ 6133.301688] Super block pointer is ffff924ba85dd000
[ 6133.317781] Super block pointer is ffff924b87fc6000
[ 6133.380654] docker0: port 1(vethc0b3120) entered blocking state
[ 6133.380657] docker0: port 1(vethc0b3120) entered disabled state
[ 6133.380761] device vethc0b3120 entered promiscuous mode
[ 6133.714746] cgroup: cgroup: disabling cgroup2 socket matching due to net_prio or net_cls activation
[ 6133.716795] Super block pointer is ffff924ba905a000
[ 6133.723994] Super block pointer is ffff923b87f15000
[ 6133.752410] Super block pointer is ffff924ba88e1000
[ 6133.758293] Super block pointer is ffff924ba88e2000
[ 6133.764016] Super block pointer is ffff924ba88e5000
[ 6133.770090] Super block pointer is ffff924ba88e5800
[ 6133.778129] Super block pointer is ffff924ba88e0000
[ 6134.018658] eth0: renamed from veth75af243
[ 6134.046530] IPv6: ADDRCONF(NETDEV_CHANGE): vethc0b3120: link becomes ready
[ 6134.046620] docker0: port 1(vethc0b3120) entered blocking state
[ 6134.046624] docker0: port 1(vethc0b3120) entered forwarding state
[ 6134.046706] IPv6: ADDRCONF(NETDEV_CHANGE): docker0: link becomes ready
[ 6134.061897] Super block pointer is ffff924bb76fa000
[ 6134.067843] Super block pointer is ffff923b87f17800
[ 6134.073767] Super block pointer is ffff924b9b183800
[ 6150.552845] Super block pointer is ffff924bb7ebb800
[ 6150.567582] Super block pointer is ffff924b9b17e800
[ 6150.581887] Super block pointer is ffff924bb7ea0000
[ 6150.589300] docker0: port 2(vethb28715f) entered blocking state
[ 6150.589302] docker0: port 2(vethb28715f) entered disabled state
[ 6150.589401] device vethb28715f entered promiscuous mode
[ 6150.763569] Super block pointer is ffff924bb794f800
[ 6150.770746] Super block pointer is ffff924bb9535000
[ 6150.788744] Super block pointer is ffff924b9e552000
[ 6150.794476] Super block pointer is ffff924b9e555000
[ 6150.800147] Super block pointer is ffff924b9e555800
[ 6150.806190] Super block pointer is ffff924b9e556000
[ 6150.814255] Super block pointer is ffff924b9e554000
[ 6151.034249] eth0: renamed from veth68d4fed
[ 6151.074133] IPv6: ADDRCONF(NETDEV_CHANGE): vethb28715f: link becomes ready
[ 6151.074221] docker0: port 2(vethb28715f) entered blocking state
[ 6151.074225] docker0: port 2(vethb28715f) entered forwarding state
[ 6151.082580] Super block pointer is ffff924b91b32800
[ 6151.088482] Super block pointer is ffff924bb71a2000
[ 6151.094187] Super block pointer is ffff924bb71a5800
[ 6272.328868] Changing DW time from 10 to 10
[ 6272.335089] Changing track_waittime time to 1 from 0
[ 6273.565158] Super block pointer is ffff924bb76fa800
[ 6276.417625] Inodecache lock wait-time 100902 ns
[ 6276.436790] Inodecache lock wait-time 101988 ns
[ 6276.466838] Inodecache lock wait-time 101634 ns
[ 6276.474578] Inodecache lock wait-time 123603 ns
[ 6276.518075] Inodecache lock wait-time 107421 ns
[ 6276.683926] Inodecache lock wait-time 108948 ns
[ 6276.688993] lock_wait_time_high_count more than 5
[ 6276.699191] (ext4_inode_cachep)Max index is 1763208 having 7197 entries
[ 6276.707302] ext4_inode_cachep: 7505568 user has 0 entries out of 7197 total entries in bucket 1763208
[ 6276.717765] ext4_inode_cachep: 0 user has 196 entries out of 7197 total entries in bucket 1763208
[ 6276.727828] ext4_inode_cachep: 20001 user has 0 entries out of 7197 total entries in bucket 1763208
[ 6276.738159] ext4_inode_cachep: 101 user has 0 entries out of 7197 total entries in bucket 1763208
[ 6276.748345] ext4_inode_cachep: 100 user has 0 entries out of 7197 total entries in bucket 1763208
[ 6276.758397] ext4_inode_cachep: 8 user has 0 entries out of 7197 total entries in bucket 1763208
[ 6276.768244] ext4_inode_cachep: 104 user has 0 entries out of 7197 total entries in bucket 1763208
[ 6276.778417] ext4_inode_cachep: 110 user has 0 entries out of 7197 total entries in bucket 1763208
[ 6276.788580] ext4_inode_cachep: 109 user has 0 entries out of 7197 total entries in bucket 1763208
[ 6276.939193] Inodecache lock wait-time 100334 ns
[ 6276.997025] Inodecache lock wait-time 107177 ns
[ 6277.007242] Inodecache lock wait-time 115040 ns
[ 6277.014581] Inodecache lock wait-time 161844 ns
[ 6277.058034] Inodecache lock wait-time 118468 ns
[ 6277.076736] Inodecache lock wait-time 109560 ns
[ 6277.081802] lock_wait_time_high_count more than 5
[ 6277.091724] (ext4_inode_cachep)Max index is 1763208 having 7817 entries
[ 6277.099400] ext4_inode_cachep: 7505568 user has 0 entries out of 7817 total entries in bucket 1763208
[ 6277.109922] ext4_inode_cachep: 0 user has 211 entries out of 7817 total entries in bucket 1763208
[ 6277.119981] ext4_inode_cachep: 20001 user has 0 entries out of 7817 total entries in bucket 1763208
[ 6277.130227] ext4_inode_cachep: 101 user has 0 entries out of 7817 total entries in bucket 1763208
[ 6277.140360] ext4_inode_cachep: 100 user has 0 entries out of 7817 total entries in bucket 1763208
[ 6277.150588] ext4_inode_cachep: 8 user has 0 entries out of 7817 total entries in bucket 1763208
[ 6277.160544] ext4_inode_cachep: 104 user has 0 entries out of 7817 total entries in bucket 1763208
[ 6277.170653] ext4_inode_cachep: 110 user has 0 entries out of 7817 total entries in bucket 1763208
[ 6277.180843] ext4_inode_cachep: 109 user has 0 entries out of 7817 total entries in bucket 1763208
[ 6277.190868] Inodecache lock wait-time 116283 ns
[ 6277.203590] Inodecache lock wait-time 122708 ns
[ 6277.225738] Inodecache lock wait-time 108151 ns
[ 6277.259990] Inodecache lock wait-time 129585 ns
[ 6277.301922] Inodecache lock wait-time 112473 ns
[ 6277.320751] Inodecache lock wait-time 123580 ns
[ 6277.325814] lock_wait_time_high_count more than 5
[ 6277.336607] (ext4_inode_cachep)Max index is 1763208 having 8173 entries
[ 6277.344561] ext4_inode_cachep: 7505568 user has 0 entries out of 8173 total entries in bucket 1763208
[ 6277.355020] ext4_inode_cachep: 0 user has 219 entries out of 8173 total entries in bucket 1763208
[ 6277.365078] ext4_inode_cachep: 20001 user has 0 entries out of 8173 total entries in bucket 1763208
[ 6277.375330] ext4_inode_cachep: 101 user has 0 entries out of 8173 total entries in bucket 1763208
[ 6277.385389] ext4_inode_cachep: 100 user has 0 entries out of 8173 total entries in bucket 1763208
[ 6277.395451] ext4_inode_cachep: 8 user has 0 entries out of 8173 total entries in bucket 1763208
[ 6277.405323] ext4_inode_cachep: 104 user has 0 entries out of 8173 total entries in bucket 1763208
[ 6277.415394] ext4_inode_cachep: 110 user has 0 entries out of 8173 total entries in bucket 1763208
[ 6277.425465] ext4_inode_cachep: 109 user has 0 entries out of 8173 total entries in bucket 1763208
[ 6277.467326] Super block pointer is ffff924bb76fb000
[ 6279.055992] Inodecache lock wait-time 110880 ns
[ 6279.072552] Inodecache lock wait-time 111985 ns
[ 6279.082804] Inodecache lock wait-time 156841 ns
[ 6279.110682] Inodecache lock wait-time 103213 ns
[ 6279.118513] Inodecache lock wait-time 160794 ns
[ 6279.136530] Inodecache lock wait-time 112005 ns
[ 6279.141596] lock_wait_time_high_count more than 5
[ 6279.152503] (ext4_inode_cachep)Max index is 1272709 having 8305 entries
[ 6279.160750] ext4_inode_cachep: 7505568 user has 0 entries out of 8305 total entries in bucket 1272709
[ 6279.171239] ext4_inode_cachep: 0 user has 221 entries out of 8305 total entries in bucket 1272709
[ 6279.181490] ext4_inode_cachep: 20001 user has 0 entries out of 8305 total entries in bucket 1272709
[ 6279.191926] ext4_inode_cachep: 101 user has 0 entries out of 8305 total entries in bucket 1272709
[ 6279.202167] ext4_inode_cachep: 100 user has 0 entries out of 8305 total entries in bucket 1272709
[ 6279.212294] ext4_inode_cachep: 8 user has 0 entries out of 8305 total entries in bucket 1272709
[ 6279.222285] ext4_inode_cachep: 104 user has 0 entries out of 8305 total entries in bucket 1272709
[ 6279.232437] ext4_inode_cachep: 110 user has 0 entries out of 8305 total entries in bucket 1272709
[ 6279.242519] ext4_inode_cachep: 109 user has 0 entries out of 8305 total entries in bucket 1272709
[ 6279.292696] Inodecache lock wait-time 132681 ns
[ 6279.328260] Inodecache lock wait-time 124518 ns
[ 6279.358550] Inodecache lock wait-time 110650 ns
[ 6279.401732] Inodecache lock wait-time 108381 ns
[ 6279.425615] Inodecache lock wait-time 114966 ns
[ 6279.439494] Inodecache lock wait-time 143114 ns
[ 6279.444558] lock_wait_time_high_count more than 5
[ 6279.457711] (ext4_inode_cachep)Max index is 1272709 having 9137 entries
[ 6279.465596] ext4_inode_cachep: 7505568 user has 0 entries out of 9137 total entries in bucket 1272709
[ 6279.476156] ext4_inode_cachep: 0 user has 245 entries out of 9137 total entries in bucket 1272709
[ 6279.486435] ext4_inode_cachep: 20001 user has 0 entries out of 9137 total entries in bucket 1272709
[ 6279.496706] ext4_inode_cachep: 101 user has 0 entries out of 9137 total entries in bucket 1272709
[ 6279.506981] ext4_inode_cachep: 100 user has 0 entries out of 9137 total entries in bucket 1272709
[ 6279.517123] ext4_inode_cachep: 8 user has 0 entries out of 9137 total entries in bucket 1272709
[ 6279.527042] ext4_inode_cachep: 104 user has 0 entries out of 9137 total entries in bucket 1272709
[ 6279.537203] ext4_inode_cachep: 110 user has 0 entries out of 9137 total entries in bucket 1272709
[ 6279.547298] ext4_inode_cachep: 109 user has 0 entries out of 9137 total entries in bucket 1272709
[ 6279.637546] Inodecache lock wait-time 176892 ns
